TRY 340.0 Israel Putnam primary
340.0 Israel Putnam primary Point(x: 1636.0629115993656, y: 585.1356508636491) 194.04578988438593
TRY 340.0 Israel Putnam secondary
340.0 Israel Putnam secondary Point(x: 2264.7891850557194, y: 1060.8976979348258) 479.69502449529807
TRY 340.0 Henry Knox primary
340.0 Henry Knox primary Point(x: 1639.200749602231, y: 587.6836249592516) 196.00457152647553
TRY 340.0 Henry Knox secondary
340.0 Henry Knox secondary Point(x: 2257.163700782631, y: 1057.3459055929272) 486.9086013091067
TRY 340.0 Louis Duportail primary
340.0 Louis Duportail primary Point(x: 1630.8179068491218, y: 580.8121780284364) 190.43344396619904
TRY 340.0 Louis Duportail secondary
340.0 Louis Duportail secondary Point(x: 2270.964593131038, y: 1063.0809068041667) 475.3346729602844
TRY 340.0 George Washington primary
340.0 George Washington primary Point(x: 1631.7233651599365, y: 581.5245422592154) 190.88882795086016
TRY 340.0 George Washington secondary
340.0 George Washington secondary Point(x: 2270.715994095825, y: 1063.0797013314775) 475.3332450329003
TRY 340.0 Mary Hays primary
340.0 Mary Hays primary Point(x: 1631.423547196638, y: 581.2853542654291) 190.7311044767524
TRY 340.0 Mary Hays secondary
340.0 Mary Hays secondary Point(x: 2276.534697428917, y: 1063.9613286383124) 473.6814017515562
TRY 340.0 Daniel Morgan primary
340.0 Daniel Morgan primary Point(x: 1636.213579792674, y: 585.2586812550212) 194.1429395535956
TRY 340.0 Daniel Morgan secondary
340.0 Daniel Morgan secondary Point(x: 2270.672120707489, y: 1063.0794855906993) 475.3330518557919
TRY 340.0 Benedict Arnold primary
340.0 Benedict Arnold primary Point(x: 1630.894004685515, y: 580.8705921114299) 190.4726843302467
TRY 340.0 Benedict Arnold secondary
340.0 Benedict Arnold secondary Point(x: 2261.4481466520565, y: 1059.308006388069) 482.901191089359
TRY 340.0 Friedrich von Steuben primary
340.0 Friedrich von Steuben primary Point(x: 1636.0060399782649, y: 585.0895252194974) 194.008719527783
TRY 340.0 Friedrich von Steuben secondary
340.0 Friedrich von Steuben secondary Point(x: 2274.0901148239377, y: 1063.338664203368) 474.8872675811364
TRY 340.0 Francis Marion primary
340.0 Francis Marion primary Point(x: 1635.3266783717481, y: 584.5602628721263) 193.54017777932359
TRY 340.0 Francis Marion secondary
340.0 Francis Marion secondary Point(x: 2232.6776636588784, y: 1048.5612055045658) 506.84671377589234
TRY 340.0 Nathanael Greene primary
340.0 Nathanael Greene primary Point(x: 1631.0247764919216, y: 580.9744755209209) 190.5356248007881
TRY 340.0 Nathanael Greene secondary
340.0 Nathanael Greene secondary Point(x: 2273.390536486531, y: 1063.2216497860181) 475.1062678872151
TRY 340.0 William Prescott primary
340.0 William Prescott primary Point(x: 1632.674162830393, y: 582.3717302759412) 191.5844262101771
TRY 340.0 William Prescott secondary
340.0 William Prescott secondary Point(x: 2279.7224276220886, y: 1065.070591210949) 471.468132015306
TRY 340.0 Thaddeus Kosciuszko primary
340.0 Thaddeus Kosciuszko primary Point(x: 1630.8369332679717, y: 580.8267822259252) 190.44325448598653
TRY 340.0 Thaddeus Kosciuszko secondary
340.0 Thaddeus Kosciuszko secondary Point(x: 2267.0632749066062, y: 1061.910741878719) 477.662698055832
TRY 340.0 Salem Poor primary
340.0 Salem Poor primary Point(x: 1635.8149318820037, y: 584.936327595497) 193.88197373604004
TRY 340.0 Salem Poor secondary
340.0 Salem Poor secondary Point(x: 2214.910408689101, y: 1182.7631557723253) 248.84352896813007
TRY 340.0 John Glover primary
340.0 John Glover primary Point(x: 1635.6782647870432, y: 584.8310424816177) 193.7863000945117
TRY 340.0 John Glover secondary
340.0 John Glover secondary Point(x: 2258.732330316845, y: 1058.1051191237486) 485.3521621361457
TRY 340.0 Horatio Gates primary
340.0 Horatio Gates primary Point(x: 1631.5566577366044, y: 581.3887386309447) 190.7955308276952
TRY 340.0 Horatio Gates secondary
340.0 Horatio Gates secondary Point(x: 2278.4111591251576, y: 1064.627447875745) 472.34881441384084
TRY 402.0 Israel Putnam primary
402.0 Israel Putnam primary Point(x: 1632.5643965066404, y: 582.2767254524349) 191.50118285526818
TRY 402.0 Israel Putnam secondary
402.0 Israel Putnam secondary Point(x: 2267.657638925776, y: 1062.1895790560532) 477.1039357666636
TRY 402.0 Henry Knox primary
402.0 Henry Knox primary Point(x: 1635.6722417139142, y: 584.8264028197311) 193.78208367684533
TRY 402.0 Henry Knox secondary
402.0 Henry Knox secondary Point(x: 2260.0239079716644, y: 1058.671823149038) 484.1950452708166
TRY 402.0 Louis Duportail primary
402.0 Louis Duportail primary Point(x: 1627.525261293212, y: 577.961789485805) 188.9923301635629
TRY 402.0 Louis Duportail secondary
402.0 Louis Duportail secondary Point(x: 2273.8226845618747, y: 1063.293906523303) 474.9708660006871
TRY 402.0 George Washington primary
402.0 George Washington primary Point(x: 1628.3319820966672, y: 578.6683085315098) 189.3784836714515
TRY 402.0 George Washington secondary
402.0 George Washington secondary Point(x: 2273.571227092222, y: 1063.2518516357109) 475.0496063061639
TRY 402.0 Mary Hays primary
402.0 Mary Hays primary Point(x: 1628.0626434038768, y: 578.4338656154263) 189.25622216565594
TRY 402.0 Mary Hays secondary
402.0 Mary Hays secondary Point(x: 2279.4030196359204, y: 1064.9681699159669) 471.67072629805403
TRY 402.0 Daniel Morgan primary
402.0 Daniel Morgan primary Point(x: 1632.7018218406681, y: 582.3956731936087) 191.6054033138062
TRY 402.0 Daniel Morgan secondary
402.0 Daniel Morgan secondary Point(x: 2273.541646856639, y: 1063.2469063842525) 475.0588775436315
TRY 402.0 Benedict Arnold primary
402.0 Benedict Arnold primary Point(x: 1627.5878491639992, y: 578.0144335542764) 189.02932485139303
TRY 402.0 Benedict Arnold secondary
402.0 Benedict Arnold secondary Point(x: 2264.3261271825404, y: 1060.6734278783533) 480.1461594316193
TRY 402.0 Friedrich von Steuben primary
402.0 Friedrich von Steuben primary Point(x: 1632.5185723057516, y: 582.2370703489682) 191.4664337752233
TRY 402.0 Friedrich von Steuben secondary
402.0 Friedrich von Steuben secondary Point(x: 2276.961265511437, y: 1064.1393758053039) 473.3252141638397
TRY 402.0 Francis Marion primary
402.0 Francis Marion primary Point(x: 1631.9108177812564, y: 581.6927766812346) 191.02450521698646
TRY 402.0 Francis Marion secondary
402.0 Francis Marion secondary Point(x: 2235.501171627561, y: 1049.4859442994898) 504.54415694015313
TRY 402.0 Nathanael Greene primary
402.0 Nathanael Greene primary Point(x: 1627.6907191237601, y: 578.1068604856744) 189.08139305382
TRY 402.0 Nathanael Greene secondary
402.0 Nathanael Greene secondary Point(x: 2276.2565535022213, y: 1063.8789226826939) 473.84258991141985
TRY 402.0 William Prescott primary
402.0 William Prescott primary Point(x: 1629.280900775782, y: 579.5096398907119) 189.78962512311776
TRY 402.0 William Prescott secondary
402.0 William Prescott secondary Point(x: 2282.5747872689503, y: 1066.0232131287878) 469.57884295905797
TRY 402.0 Thaddeus Kosciuszko primary
402.0 Thaddeus Kosciuszko primary Point(x: 1627.525261293212, y: 577.961789485805) 188.9923301635629
TRY 402.0 Thaddeus Kosciuszko secondary
402.0 Thaddeus Kosciuszko secondary Point(x: 2269.905138769289, y: 1063.0203544922404) 475.4440741542788
TRY 402.0 Salem Poor primary
402.0 Salem Poor primary Point(x: 1632.3396493513444, y: 582.0779535081044) 191.33507159491674
TRY 402.0 Salem Poor secondary
402.0 Salem Poor secondary Point(x: 2225.008562296689, y: 1174.0966542516235) 260.45025215624696
TRY 402.0 John Glover primary
402.0 John Glover primary Point(x: 1632.2214318570166, y: 581.971727860059) 191.2494308412903
TRY 402.0 John Glover secondary
402.0 John Glover secondary Point(x: 2261.5985902651596, y: 1059.3805522349014) 482.75411472796975
TRY 402.0 Horatio Gates primary
402.0 Horatio Gates primary Point(x: 1628.167351622624, y: 578.5250061099409) 189.30371624524938
TRY 402.0 Horatio Gates secondary
402.0 Horatio Gates secondary Point(x: 2281.2797897667297, y: 1065.575151443905) 470.4696017674674
TRY 900.0 Israel Putnam primary
900.0 Israel Putnam primary Point(x: 1632.5529921088842, y: 582.2668560115982) 191.49253461325057
TRY 900.0 Israel Putnam secondary
900.0 Israel Putnam secondary Point(x: 2267.655959147891, y: 1062.1887911521349) 477.10551441783724
TRY 900.0 Henry Knox primary
900.0 Henry Knox primary Point(x: 1635.6687185092424, y: 584.8236888578685) 193.77961727876828
TRY 900.0 Henry Knox secondary
900.0 Henry Knox secondary Point(x: 2260.0412792624275, y: 1058.679441631496) 484.17951680769715
TRY 900.0 Louis Duportail primary
900.0 Louis Duportail primary Point(x: 1627.5187294818197, y: 577.9564449525781) 188.98824744400974
TRY 900.0 Louis Duportail secondary
900.0 Louis Duportail secondary Point(x: 2273.835505183958, y: 1063.2960514693964) 474.9668549133318
TRY 900.0 George Washington primary
900.0 George Washington primary Point(x: 1628.319829314577, y: 578.6577430186442) 189.3729388527417
TRY 900.0 George Washington secondary
900.0 George Washington secondary Point(x: 2273.577833430957, y: 1063.2529561436802) 475.04753595055496
TRY 900.0 Mary Hays primary
900.0 Mary Hays primary Point(x: 1628.0525701173663, y: 578.4250983286288) 189.25165446167483
TRY 900.0 Mary Hays secondary
900.0 Mary Hays secondary Point(x: 2279.4144543431485, y: 1064.9718362444542) 471.663473812273
TRY 900.0 Daniel Morgan primary
900.0 Daniel Morgan primary Point(x: 1632.7030430814325, y: 582.3967303887478) 191.60632953811788
TRY 900.0 Daniel Morgan secondary
900.0 Daniel Morgan secondary Point(x: 2273.5448020517333, y: 1063.24743385386) 475.05788853463514
TRY 900.0 Benedict Arnold primary
900.0 Benedict Arnold primary Point(x: 1627.5821661106672, y: 578.0093278795349) 189.02644911580737
TRY 900.0 Benedict Arnold secondary
900.0 Benedict Arnold secondary Point(x: 2264.344800115878, y: 1060.6824853286391) 480.12793378707335
TRY 900.0 Friedrich von Steuben primary
900.0 Friedrich von Steuben primary Point(x: 1632.5120544458314, y: 582.2314302740776) 191.46149132052585
TRY 900.0 Friedrich von Steuben secondary
900.0 Friedrich von Steuben secondary Point(x: 2276.9567447041727, y: 1064.137488845264) 473.32898907223085
TRY 900.0 Francis Marion primary
900.0 Francis Marion primary Point(x: 1631.9097323522205, y: 581.6918022894412) 191.02371945894285
TRY 900.0 Francis Marion secondary
900.0 Francis Marion secondary Point(x: 2235.522319471146, y: 1049.491574198351) 504.52966602777394
TRY 900.0 Nathanael Greene primary
900.0 Nathanael Greene primary Point(x: 1627.6937558653783, y: 578.1095891832869) 189.08293052120052
TRY 900.0 Nathanael Greene secondary
900.0 Nathanael Greene secondary Point(x: 2276.249894979571, y: 1063.8771143601466) 473.84610264132004
TRY 900.0 William Prescott primary
900.0 William Prescott primary Point(x: 1629.2803310214135, y: 579.5091130253147) 189.7894118270892
TRY 900.0 William Prescott secondary
900.0 William Prescott secondary Point(x: 2282.5873912587695, y: 1066.0275658586722) 469.57019133643485
TRY 900.0 Thaddeus Kosciuszko primary
900.0 Thaddeus Kosciuszko primary Point(x: 1627.5187294818197, y: 577.9564449525781) 188.98824744400974
TRY 900.0 Thaddeus Kosciuszko secondary
900.0 Thaddeus Kosciuszko secondary Point(x: 2269.918898526852, y: 1063.0251650636142) 475.4344721922833
TRY 900.0 Salem Poor primary
900.0 Salem Poor primary Point(x: 1632.339058416922, y: 582.0774224367044) 191.3346434526861
TRY 900.0 Salem Poor secondary
900.0 Salem Poor secondary Point(x: 2225.0333207222693, y: 1174.0781754915074) 260.4750543791631
TRY 900.0 John Glover primary
900.0 John Glover primary Point(x: 1632.2202493712375, y: 581.9706654881447) 191.24857430854658
TRY 900.0 John Glover secondary
900.0 John Glover secondary Point(x: 2261.6161385194837, y: 1059.3890136862979) 482.736963872372
TRY 900.0 Horatio Gates primary
900.0 Horatio Gates primary Point(x: 1628.1661551021866, y: 578.5239645513291) 189.30317337265637
TRY 900.0 Horatio Gates secondary
900.0 Horatio Gates secondary Point(x: 2281.2881663526696, y: 1065.5780549242622) 470.4638284741705
