23:06:50  Acquired tunnel connection to device.
23:06:50  Enabling developer disk image services.
23:06:50  Acquired usage assertion.
App installed:
• bundleID: com.zippyzen.tower-silhouette-probe
• installationURL: file:///private/var/containers/Bundle/Application/313FAC41-9188-45DF-8191-9152295B94ED/Liberty%20Line.app/
• launchServicesIdentifier: unknown
• databaseUUID: CE2E26A6-BAAA-4347-8415-22A50C08CB00
• databaseSequenceNumber: 5032
• options: 
23:07:05  Acquired tunnel connection to device.
23:07:05  Enabling developer disk image services.
23:07:05  Acquired usage assertion.
Launched application with com.zippyzen.tower-silhouette-probe bundle identifier.
23:07:16  Acquired tunnel connection to device.
23:07:16  Enabling developer disk image services.
23:07:16  Acquired usage assertion.
File received from Device
/Users/john/projects/td/in-defense-of-history/Tools/reports/tower-silhouettes-2026-09-10/device-documents
PASS: all seven ranged assets, real build/upgrade confirmations and production map/menu renders at minimum and device sizes.
