Battle Road spawn Point(x: 2317.2, y: 1008.7), reached 111/111
Bunker Hill spawn Point(x: 1120.0, y: 1130.0), reached 123/123
Bunker Hill spawn Point(x: 1120.0, y: 1130.0), reached 123/123
Great Bridge spawn Point(x: 2164.3, y: 1420.2), reached 79/79
Moore's Creek Bridge spawn Point(x: 2078.2, y: 654.1), reached 82/82
unreachable 1 0.25 Point(x: 2035.5295546796665, y: 701.1543245859699)
unreachable 1 0.5 Point(x: 1963.812807394459, y: 843.5625630008118)
unreachable 1 0.75 Point(x: 1931.8986128733668, y: 1019.9445149346642)
Dorchester Heights spawn Point(x: 1053.3, y: 1187.8), reached 39/74
unreachable 0 0.25 Point(x: 842.3896478478229, y: 697.4880552090264)
unreachable 0 0.5 Point(x: 966.7750679297393, y: 853.9642278991912)
unreachable 0 0.75 Point(x: 1044.5985000447474, y: 1014.9902502908584)
Dorchester Heights spawn Point(x: 1931.8, y: 1187.8), reached 36/75
unreachable 1 0.25 Point(x: 1709.209825265063, y: 793.7733314234001)
unreachable 1 0.5 Point(x: 1674.5959886287785, y: 929.3195554347041)
unreachable 1 0.75 Point(x: 1677.9732893355183, y: 1066.5418650243635)
Sullivan's Island spawn Point(x: 1284.2, y: 1187.8), reached 36/64
unreachable 0 0.25 Point(x: 1066.0585837987612, y: 803.4405767547444)
unreachable 0 0.5 Point(x: 1125.7892178384045, y: 950.1137427072358)
unreachable 0 0.75 Point(x: 1136.1448317480301, y: 1123.950348573227)
Sullivan's Island spawn Point(x: 1773.3, y: 1155.1), reached 29/65
Long Island spawn Point(x: 1501.2, y: 1403.0), reached 151/151
Long Island spawn Point(x: 1501.2, y: 1403.0), reached 151/151
Long Island spawn Point(x: 1501.2, y: 1403.0), reached 151/151
unreachable 1 0.25 Point(x: 2001.2963330329803, y: 1227.3892811733272)
unreachable 1 0.5 Point(x: 1889.264775645185, y: 1089.254327960478)
unreachable 1 0.75 Point(x: 1738.902139176274, y: 957.7023768625265)
Trenton spawn Point(x: 1337.5, y: 783.2), reached 44/83
unreachable 0 0.25 Point(x: 988.9985770608374, y: 1239.4069368284174)
unreachable 0 0.5 Point(x: 1080.1503152812188, y: 1074.8361343409317)
unreachable 0 0.75 Point(x: 1258.5771035265836, y: 946.2159581481386)
Trenton spawn Point(x: 1647.6, y: 783.2), reached 40/84
unreachable 1 0.25 Point(x: 2115.729516223423, y: 698.6317437333331)
unreachable 1 0.5 Point(x: 2051.8104925110215, y: 986.2306704168315)
unreachable 1 0.75 Point(x: 2183.085251085383, y: 1255.6749268451508)
Princeton spawn Point(x: 958.6, y: 1532.1), reached 90/148
unreachable 0 0.25 Point(x: 994.8538764650799, y: 551.4917214168092)
unreachable 0 0.5 Point(x: 1169.4182472366363, y: 823.4881929645296)
unreachable 0 0.75 Point(x: 840.5272454595397, y: 1107.2536827187826)
Princeton spawn Point(x: 2233.2, y: 1532.1), reached 59/149
Fort Ann spawn Point(x: 1806.0, y: 792.0), reached 109/109
Fort Ann spawn Point(x: 1806.0, y: 792.0), reached 109/109
Saratoga spawn Point(x: 1544.2, y: 1411.6), reached 171/171
Saratoga spawn Point(x: 1544.2, y: 1411.6), reached 171/171
Saratoga spawn Point(x: 1544.2, y: 1411.6), reached 171/171
unreachable 2 0.25 Point(x: 1275.9912107655673, y: 595.8146553436092)
unreachable 2 0.5 Point(x: 1071.4547180812735, y: 759.9346574332795)
unreachable 2 0.75 Point(x: 831.4610956216914, y: 848.456954241981)
unreachable 3 0.25 Point(x: 1867.9722853972132, y: 775.9318511695672)
unreachable 3 0.5 Point(x: 1413.8741984179335, y: 794.4068461033977)
unreachable 3 0.75 Point(x: 999.2142242743513, y: 819.8895131926338)
Kettle Creek spawn Point(x: 544.0, y: 1190.0), reached 190/348
unreachable 2 0.25 Point(x: 1275.9912107655673, y: 595.8146553436092)
unreachable 2 0.5 Point(x: 1071.4547180812735, y: 759.9346574332795)
unreachable 2 0.75 Point(x: 831.4610956216914, y: 848.456954241981)
unreachable 3 0.25 Point(x: 1867.9722853972132, y: 775.9318511695672)
unreachable 3 0.5 Point(x: 1413.8741984179335, y: 794.4068461033977)
unreachable 3 0.75 Point(x: 999.2142242743513, y: 819.8895131926338)
Kettle Creek spawn Point(x: 544.0, y: 1190.0), reached 190/348
unreachable 0 0.25 Point(x: 2000.6107404513652, y: 1405.7761512155282)
unreachable 0 0.5 Point(x: 1557.8105973811334, y: 1241.0601060810886)
unreachable 0 0.75 Point(x: 1041.2135194740047, y: 1219.8250737055323)
unreachable 1 0.25 Point(x: 1966.1261262458193, y: 991.4619755917331)
unreachable 1 0.5 Point(x: 1472.1886258446887, y: 1038.0272791011785)
unreachable 1 0.75 Point(x: 1014.8720082573924, y: 1131.5112799176002)
Kettle Creek spawn Point(x: 544.0, y: 850.0), reached 151/349
unreachable 0 0.25 Point(x: 2000.6107404513652, y: 1405.7761512155282)
unreachable 0 0.5 Point(x: 1557.8105973811334, y: 1241.0601060810886)
unreachable 0 0.75 Point(x: 1041.2135194740047, y: 1219.8250737055323)
unreachable 1 0.25 Point(x: 1966.1261262458193, y: 991.4619755917331)
unreachable 1 0.5 Point(x: 1472.1886258446887, y: 1038.0272791011785)
unreachable 1 0.75 Point(x: 1014.8720082573924, y: 1131.5112799176002)
Kettle Creek spawn Point(x: 544.0, y: 850.0), reached 151/349
New Haven spawn Point(x: 1360.0, y: 535.0), reached 414/414
New Haven spawn Point(x: 2025.0, y: 535.0), reached 415/415
New Haven spawn Point(x: 1360.0, y: 535.0), reached 415/415
New Haven spawn Point(x: 2025.0, y: 535.0), reached 415/415
unreachable 1 0.25 Point(x: 1920.5781805101947, y: 1093.311714338259)
unreachable 1 0.5 Point(x: 1457.0547237638782, y: 1033.7051533766585)
unreachable 1 0.75 Point(x: 1000.7045901042603, y: 935.7044512623177)
unreachable 2 0.25 Point(x: 1889.731720213279, y: 620.6231746898112)
unreachable 2 0.5 Point(x: 1555.9921588111029, y: 789.7760779256859)
unreachable 2 0.75 Point(x: 1070.8538262200873, y: 708.2505474141657)
unreachable 3 0.25 Point(x: 1237.3345699229308, y: 538.7669568138488)
unreachable 3 0.5 Point(x: 1039.4430110790431, y: 699.900301044509)
unreachable 3 0.75 Point(x: 813.2297715307102, y: 737.8789859839574)
Savannah spawn Point(x: 590.3, y: 1216.1), reached 48/303
unreachable 0 0.25 Point(x: 1270.0, y: 1367.7104050978978)
unreachable 0 0.5 Point(x: 1105.3418726080706, y: 1215.1287653101065)
unreachable 0 0.75 Point(x: 835.0746356476392, y: 1173.4290930442405)
unreachable 2 0.25 Point(x: 1889.731720213279, y: 620.6231746898112)
unreachable 2 0.5 Point(x: 1555.9921588111029, y: 789.7760779256859)
unreachable 2 0.75 Point(x: 1070.8538262200873, y: 708.2505474141657)
unreachable 3 0.25 Point(x: 1237.3345699229308, y: 538.7669568138488)
unreachable 3 0.5 Point(x: 1039.4430110790431, y: 699.900301044509)
unreachable 3 0.75 Point(x: 813.2297715307102, y: 737.8789859839574)
Savannah spawn Point(x: 523.4, y: 941.6), reached 99/304
unreachable 0 0.25 Point(x: 1270.0, y: 1367.7104050978978)
unreachable 0 0.5 Point(x: 1105.3418726080706, y: 1215.1287653101065)
unreachable 0 0.75 Point(x: 835.0746356476392, y: 1173.4290930442405)
unreachable 1 0.25 Point(x: 1920.5781805101947, y: 1093.311714338259)
unreachable 1 0.5 Point(x: 1457.0547237638782, y: 1033.7051533766585)
unreachable 1 0.75 Point(x: 1000.7045901042603, y: 935.7044512623177)
Savannah spawn Point(x: 556.9, y: 734.0), reached 158/305
unreachable 0 0.25 Point(x: 1270.0, y: 1367.7104050978978)
unreachable 0 0.5 Point(x: 1105.3418726080706, y: 1215.1287653101065)
unreachable 0 0.75 Point(x: 835.0746356476392, y: 1173.4290930442405)
unreachable 1 0.25 Point(x: 1920.5781805101947, y: 1093.311714338259)
unreachable 1 0.5 Point(x: 1457.0547237638782, y: 1033.7051533766585)
unreachable 1 0.75 Point(x: 1000.7045901042603, y: 935.7044512623177)
Savannah spawn Point(x: 556.9, y: 734.0), reached 158/305
unreachable 1 0.25 Point(x: 1447.8143774511796, y: 1301.5058816845735)
unreachable 1 0.5 Point(x: 1704.485734407383, y: 1481.1741592416108)
unreachable 1 0.75 Point(x: 2030.682145930284, y: 1340.517854069716)
Charleston spawn Point(x: 1587.0, y: 549.0), reached 93/155
unreachable 0 0.25 Point(x: 632.3714762876832, y: 930.6570474246334)
unreachable 0 0.5 Point(x: 1051.1225006960492, y: 796.8)
unreachable 0 0.75 Point(x: 1490.2990576124032, y: 908.1960296640826)
unreachable 1 0.25 Point(x: 1447.8143774511796, y: 1301.5058816845735)
unreachable 1 0.5 Point(x: 1704.485734407383, y: 1481.1741592416108)
Charleston spawn Point(x: 2370.0, y: 1235.0), reached 29/156
