23:50:43  Acquired tunnel connection to device.
23:50:43  Enabling developer disk image services.
23:50:44  Acquired usage assertion.
App installed:
• bundleID: com.zippyzen.button-padding-pass2-probe
• installationURL: file:///private/var/containers/Bundle/Application/EC1EB926-EC15-4BED-A0B1-C271524B9288/Liberty%20Line.app/
• launchServicesIdentifier: unknown
• databaseUUID: CE2E26A6-BAAA-4347-8415-22A50C08CB00
• databaseSequenceNumber: 5104
• options: 
23:50:59  Acquired tunnel connection to device.
23:50:59  Enabling developer disk image services.
23:50:59  Acquired usage assertion.
Launched application with com.zippyzen.button-padding-pass2-probe bundle identifier.
23:51:10  Acquired tunnel connection to device.
23:51:10  Enabling developer disk image services.
23:51:10  Acquired usage assertion.
File received from Device
/Users/john/projects/td/in-defense-of-history/Tools/reports/button-padding-pass2-2026-09-10/device-documents
PASS: all seven ranged assets, real build/upgrade confirmations and production map/menu renders at minimum and device sizes.
