23:35:53  Acquired tunnel connection to device.
23:35:53  Enabling developer disk image services.
23:35:53  Acquired usage assertion.
App installed:
• bundleID: com.zippyzen.button-padding-probe
• installationURL: file:///private/var/containers/Bundle/Application/C2362932-6384-45F9-9474-4F359C7C7C82/Liberty%20Line.app/
• launchServicesIdentifier: unknown
• databaseUUID: CE2E26A6-BAAA-4347-8415-22A50C08CB00
• databaseSequenceNumber: 5080
• options: 
23:36:07  Acquired tunnel connection to device.
23:36:07  Enabling developer disk image services.
23:36:07  Acquired usage assertion.
Launched application with com.zippyzen.button-padding-probe bundle identifier.
23:36:18  Acquired tunnel connection to device.
23:36:18  Enabling developer disk image services.
23:36:18  Acquired usage assertion.
File received from Device
/Users/john/projects/td/in-defense-of-history/Tools/reports/button-padding-2026-09-10/device-documents
PASS: all seven ranged assets, real build/upgrade confirmations and production map/menu renders at minimum and device sizes.
