22:41:01  Acquired tunnel connection to device.
22:41:01  Enabling developer disk image services.
22:41:01  Acquired usage assertion.
App installed:
• bundleID: com.zippyzen.ranged-art-probe
• installationURL: file:///private/var/containers/Bundle/Application/AF1F7D78-D180-4EEA-B221-58A98ACE18DE/Liberty%20Line.app/
• launchServicesIdentifier: unknown
• databaseUUID: CE2E26A6-BAAA-4347-8415-22A50C08CB00
• databaseSequenceNumber: 4984
• options: 
22:41:15  Acquired tunnel connection to device.
22:41:15  Enabling developer disk image services.
22:41:15  Acquired usage assertion.
Launched application with com.zippyzen.ranged-art-probe bundle identifier.
22:41:26  Acquired tunnel connection to device.
22:41:26  Enabling developer disk image services.
22:41:26  Acquired usage assertion.
File received from Device
/Users/john/projects/td/in-defense-of-history/Tools/reports/ranged-bastion-2026-09-09/device-documents
PASS: all seven ranged assets, real build/upgrade confirmations and production map/menu renders at minimum and device sizes.
