21:30:09  Acquired tunnel connection to device.
21:30:09  Enabling developer disk image services.
21:30:10  Acquired usage assertion.
App installed:
• bundleID: com.zippyzen.misc-sack-blue-probe
• installationURL: file:///private/var/containers/Bundle/Application/A52A2FDF-ABD3-43CC-96A2-1F12B01F48EE/Liberty%20Line.app/
• launchServicesIdentifier: unknown
• databaseUUID: CE2E26A6-BAAA-4347-8415-22A50C08CB00
• databaseSequenceNumber: 4804
• options: 
21:31:12  Acquired tunnel connection to device.
21:31:12  Enabling developer disk image services.
21:31:13  Acquired usage assertion.
Launched application with com.zippyzen.misc-sack-blue-probe bundle identifier.
21:31:21  Acquired tunnel connection to device.
21:31:21  Enabling developer disk image services.
21:31:22  Acquired usage assertion.
File received from Device
/Users/john/projects/td/in-defense-of-history/Tools/reports/misc-sack-blue-2026-09-09/device-documents
PASS: compiled sack sprite, lower-right HUD, and physical-iPhone gameplay captures at minimum and device sizes.
