20:16:28  Acquired tunnel connection to device.
20:16:28  Enabling developer disk image services.
20:16:29  Acquired usage assertion.
App installed:
• bundleID: com.zippyzen.available-slot-probe
• installationURL: file:///private/var/containers/Bundle/Application/1C0D98E7-B70E-4FC3-8765-614A11E40A0D/Liberty%20Line.app/
• launchServicesIdentifier: unknown
• databaseUUID: CE2E26A6-BAAA-4347-8415-22A50C08CB00
• databaseSequenceNumber: 4708
• options: 
20:18:30  Acquired tunnel connection to device.
20:18:30  Enabling developer disk image services.
20:18:31  Acquired usage assertion.
Launched application with com.zippyzen.available-slot-probe bundle identifier.
20:18:43  Acquired tunnel connection to device.
20:18:43  Enabling developer disk image services.
20:18:43  Acquired usage assertion.
File received from Device
/Users/john/projects/td/in-defense-of-history/Tools/reports/available-tower-slot-2026-09-09/device-documents
PASS: compiled available-site sprite, real build transition, and physical-iPhone gameplay captures.
