[0/1] Planning build
Building for debugging...
[0/3] Write swift-version--58304C5D6DBC2206.txt
[2/111] Compiling LevelEditorFormats HudLayoutConfig.swift
[3/111] Compiling LevelEditorFormats HudPlacementSolver.swift
[4/111] Compiling LevelEditorFormats HudSizing.swift
[5/111] Compiling LevelEditorFormats LevelMapProjection.swift
[6/111] Compiling LevelEditorFormats LevelViewport.swift
[7/111] Compiling LevelEditorFormats MapDestinationInput.swift
[8/111] Compiling LevelEditorFormats MapSpriteSizing.swift
[9/111] Compiling LevelEditorFormats MasterControlsLayout.swift
[10/111] Compiling LevelEditorFormats MenuContentLayout.swift
[11/111] Compiling LevelEditorFormats PresentationStack.swift
[12/120] Compiling LevelEditorFormats RuntimeCanvasView.swift
[13/120] Compiling LevelEditorFormats ScreenCanvas.swift
[14/120] Compiling LevelEditorFormats StackLayout.swift
[15/120] Compiling LevelEditorFormats TowerMenuLayout.swift
[16/120] Compiling LevelEditorFormats TowerRangeOverlay.swift
[17/120] Compiling LevelEditorFormats LogCategory.swift
[18/120] Compiling LevelEditorFormats LogUtility.swift
[19/120] Compiling LevelEditorFormats CallWaveButtonPosition.swift
[20/120] Compiling LevelEditorFormats Campaign.swift
[21/120] Compiling LevelEditorFormats CampaignLevel.swift
[22/120] Compiling LevelEditorFormats CommanderPolicy.swift
[23/120] Compiling LevelEditorFormats ContentCatalog.swift
[24/120] Compiling LevelEditorFormats Core.swift
[25/120] Compiling LevelEditorFormats Difficulty.swift
[26/120] Compiling LevelEditorFormats Enemy.swift
[27/120] Compiling LevelEditorFormats EnemyEscapeHapticPolicy.swift
[28/120] Compiling LevelEditorFormats EnemyType.swift
[29/120] Compiling LevelEditorFormats Engine.swift
[30/120] Compiling LevelEditorFormats GameplayHapticPattern.swift
[31/120] Compiling LevelEditorFormats HapticAuditionSample.swift
[32/120] Compiling LevelEditorFormats DesignArsenal.swift
[33/120] Compiling LevelEditorFormats DesignRoster.swift
[34/120] Compiling LevelEditorFormats LevelBlueprint.swift
[35/120] Compiling LevelEditorFormats VirtualCanvas.swift
[36/120] Compiling LevelEditorFormats CallWaveButtonLayout.swift
[37/120] Compiling LevelEditorFormats ExitMarkerLayout.swift
[38/120] Compiling LevelEditorFormats HeroBarLayout.swift
[39/120] Compiling LevelEditorFormats HeroSpriteFootprint.swift
[40/120] Compiling LevelEditorFormats HeroSpriteProfile.swift
[41/120] Compiling LevelEditorFormats HudElementLayouts.swift
[42/120] Compiling LevelEditorFormats Repositories.swift
[43/120] Compiling LevelEditorFormats SQLite.swift
[44/120] Compiling LevelEditorFormats SQLiteError.swift
[45/120] Compiling LevelEditorFormats SeedContent.swift
[46/120] Compiling LevelEditorFormats FileUtil.swift
[47/120] Compiling LevelEditorFormats BrushStroke.swift
[48/120] Compiling LevelEditorFormats EditorDocumentLifecycle.swift
[49/120] Compiling LevelEditorFormats EditorPaintGesture.swift
[50/120] Compiling LevelEditorFormats GeoJSONExport.swift
[51/120] Emitting module LevelEditorFormats
[52/120] Compiling LevelEditorFormats TargetCommand.swift
[53/120] Compiling LevelEditorFormats Constants.swift
[54/120] Compiling LevelEditorFormats Enums.swift
[55/120] Compiling LevelEditorFormats GameError.swift
[56/120] Compiling LevelEditorFormats GameIdentity.swift
[57/120] Compiling LevelEditorFormats RuntimeCanvas.swift
[58/120] Compiling LevelEditorFormats Store.swift
[59/120] Compiling LevelEditorFormats Timer.swift
[60/120] Compiling LevelEditorFormats HapticAuditionPlayer.swift
[61/120] Compiling LevelEditorFormats Blueprints.swift
[62/120] Compiling LevelEditorFormats LevelGeoJSONDAO.swift
[63/120] Compiling LevelEditorFormats LevelHeroDAO.swift
[64/120] Compiling LevelEditorFormats LevelInfoDAO.swift
[65/120] Compiling LevelEditorFormats MeleeUnitDAO.swift
[66/120] Compiling LevelEditorFormats PathDAO.swift
[67/120] Compiling LevelEditorFormats ReinforcementConfigDAO.swift
[68/120] Compiling LevelEditorFormats SimBoundsDAO.swift
[69/120] Compiling LevelEditorFormats SimEnemyTypeDAO.swift
[70/120] Compiling LevelEditorFormats SimMeleeUnitDAO.swift
[71/120] Compiling LevelEditorFormats SimulatorRunDAO.swift
[72/120] Compiling LevelEditorFormats TowerTypeDAO.swift
[73/120] Compiling LevelEditorFormats TowerUnlockDAO.swift
[74/120] Compiling LevelEditorFormats VirtualCanvasDAO.swift
[75/120] Compiling LevelEditorFormats WaveDAO.swift
[76/120] Compiling LevelEditorFormats Db.swift
[77/120] Compiling LevelEditorFormats DbError.swift
[78/120] Compiling LevelEditorFormats HeroSelectionStore.swift
[79/120] Compiling LevelEditorFormats LevelLoader.swift
[80/120] Compiling LevelEditorFormats Hero.swift
[81/120] Compiling LevelEditorFormats HeroMovement.swift
[82/120] Compiling LevelEditorFormats HeroMovementArea.swift
[83/120] Compiling LevelEditorFormats HeroSelection.swift
[84/120] Compiling LevelEditorFormats LevelHero.swift
[85/120] Compiling LevelEditorFormats LevelHeroConfiguration.swift
[86/120] Compiling LevelEditorFormats LevelInfo.swift
[87/120] Compiling LevelEditorFormats MeleeFormation.swift
[88/120] Compiling LevelEditorFormats MilitiaAI.swift
[89/120] Compiling LevelEditorFormats Outcome.swift
[90/120] Compiling LevelEditorFormats Traits.swift
[91/120] Compiling LevelEditorFormats UnitFacing.swift
[92/120] Compiling LevelEditorFormats Wave.swift
[93/120] Compiling LevelEditorFormats WaveStartSchedule.swift
[94/120] Compiling LevelEditorFormats BaseDAO.swift
[95/120] Compiling LevelEditorFormats CampaignDAO.swift
[96/120] Compiling LevelEditorFormats DifficultyDAO.swift
[97/120] Compiling LevelEditorFormats EnemyTypeDAO.swift
[98/120] Compiling LevelEditorFormats HeroDAO.swift
[99/120] Compiling LevelEditorFormats HudLayoutDAO.swift
[100/120] Compiling LevelEditorFormats Path.swift
[101/120] Compiling LevelEditorFormats ReinforcementConfig.swift
[102/120] Compiling LevelEditorFormats ReinforcementSchedule.swift
[103/120] Compiling LevelEditorFormats Report.swift
[104/120] Compiling LevelEditorFormats Simulation.swift
[105/120] Compiling LevelEditorFormats SpawnEntry.swift
[106/120] Compiling LevelEditorFormats Stats.swift
[107/120] Compiling LevelEditorFormats Tower.swift
[108/120] Compiling LevelEditorFormats TowerKind.swift
[109/120] Compiling LevelEditorFormats TowerSlot.swift
[110/120] Compiling LevelEditorFormats GeoJSONFile.swift
[111/120] Compiling LevelEditorFormats GeoJSONImport.swift
[112/120] Compiling LevelEditorFormats LevelGeoJSON.swift
[113/120] Compiling LevelEditorFormats MapDocument.swift
[114/120] Compiling LevelEditorFormats NativeMapFile.swift
[115/120] Compiling LevelEditorFormats Palette.swift
[116/120] Compiling LevelEditorFormats PathFlattening.swift
[117/120] Compiling LevelEditorFormats PlatformSupport.swift
[118/120] Compiling LevelEditorFormats SwiftExport.swift
[119/145] Compiling LevelEditorFormatsTests HeroBarLayoutTests.swift
[120/145] Compiling LevelEditorFormatsTests HeroExitConfigurationTests.swift
[121/145] Compiling LevelEditorFormatsTests PresentationStackTests.swift
[122/145] Compiling LevelEditorFormatsTests ReinforcementTests.swift
[123/145] Compiling LevelEditorFormatsTests GameplayHapticPatternTests.swift
[124/145] Compiling LevelEditorFormatsTests HapticAuditionTests.swift
[125/147] Compiling LevelEditorFormatsTests RuntimeCanvasTests.swift
[126/147] Compiling LevelEditorFormatsTests TapAreaTests.swift
[127/147] Compiling LevelEditorFormatsTests LevelViewportTests.swift
[128/147] Compiling LevelEditorFormatsTests MasterControlsLayoutTests.swift
[129/147] Compiling LevelEditorFormatsTests LevelGeoJSONTests.swift
[130/147] Compiling LevelEditorFormatsTests LevelMarkerPlacementTests.swift
[131/147] Compiling LevelEditorFormatsTests HeroMovementIntegrationTests.swift
[132/147] Compiling LevelEditorFormatsTests HeroMovementTests.swift
[133/147] Compiling LevelEditorFormatsTests HeroRankingTests.swift
[134/147] Compiling LevelEditorFormatsTests HeroStartingPositionTests.swift
[135/147] Compiling LevelEditorFormatsTests BottomCenterOcclusionTests.swift
[136/147] Compiling LevelEditorFormatsTests CallWaveButtonTests.swift
[137/147] Compiling LevelEditorFormatsTests CharlestonWaveTests.swift
[138/147] Compiling LevelEditorFormatsTests EditorEraserTests.swift
[139/147] Compiling LevelEditorFormatsTests EnemyEscapeHapticTests.swift
[140/147] Emitting module LevelEditorFormatsTests
[141/147] Compiling LevelEditorFormatsTests EditorArrowKeyTests.swift
[142/147] Compiling LevelEditorFormatsTests EditorDocumentLifecycleTests.swift
[143/147] Compiling LevelEditorFormatsTests EditorEraserIntegrationTests.swift
[144/147] Compiling LevelEditorFormatsTests TowerSlotLoadingTests.swift
[145/147] Compiling LevelEditorFormatsTests WaveStartTimingTests.swift
[146/149] Compiling LevelEditorFormatsPackageTests runner.swift
[147/149] Emitting module LevelEditorFormatsPackageTests
[147/149] Write Objects.LinkFileList
[148/149] Linking LevelEditorFormatsPackageTests
Build complete! (5.80s)
Test Suite 'All tests' started at 2026-09-10 21:54:49.388.
Test Suite 'LevelEditorFormatsPackageTests.xctest' started at 2026-09-10 21:54:49.389.
Test Suite 'BottomCenterOcclusionTests' started at 2026-09-10 21:54:49.389.
Test Case '-[LevelEditorFormatsTests.BottomCenterOcclusionTests testAuthoredCutoutIsCenteredFlushWithBottomAndUsesReducedCornerHeight]' started.
Test Case '-[LevelEditorFormatsTests.BottomCenterOcclusionTests testAuthoredCutoutIsCenteredFlushWithBottomAndUsesReducedCornerHeight]' passed (0.001 seconds).
Test Case '-[LevelEditorFormatsTests.BottomCenterOcclusionTests testCutoutIsRemovedFromPlayAndTowerPlacementShapes]' started.
Test Case '-[LevelEditorFormatsTests.BottomCenterOcclusionTests testCutoutIsRemovedFromPlayAndTowerPlacementShapes]' passed (0.000 seconds).
Test Case '-[LevelEditorFormatsTests.BottomCenterOcclusionTests testEditorAndRuntimeUseTheSameAuthoredReferenceAndExtremeWidthsStayInsidePlay]' started.
Test Case '-[LevelEditorFormatsTests.BottomCenterOcclusionTests testEditorAndRuntimeUseTheSameAuthoredReferenceAndExtremeWidthsStayInsidePlay]' passed (0.000 seconds).
Test Case '-[LevelEditorFormatsTests.BottomCenterOcclusionTests testRuntimeWidthUsesFullScreenAcrossLandscapeSizesAndSafeInsets]' started.
Test Case '-[LevelEditorFormatsTests.BottomCenterOcclusionTests testRuntimeWidthUsesFullScreenAcrossLandscapeSizesAndSafeInsets]' passed (0.000 seconds).
Test Suite 'BottomCenterOcclusionTests' passed at 2026-09-10 21:54:49.392.
	 Executed 4 tests, with 0 failures (0 unexpected) in 0.002 (0.002) seconds
Test Suite 'CallWaveButtonTests' started at 2026-09-10 21:54:49.392.
Test Case '-[LevelEditorFormatsTests.CallWaveButtonTests testBundledMapsProvideEditableRuntimeButtonCenters]' started.
Test Case '-[LevelEditorFormatsTests.CallWaveButtonTests testBundledMapsProvideEditableRuntimeButtonCenters]' passed (0.083 seconds).
Test Case '-[LevelEditorFormatsTests.CallWaveButtonTests testCharlestonUsesTheCurrentAuthoredButtonCoordinates]' started.
Test Case '-[LevelEditorFormatsTests.CallWaveButtonTests testCharlestonUsesTheCurrentAuthoredButtonCoordinates]' passed (0.033 seconds).
Test Case '-[LevelEditorFormatsTests.CallWaveButtonTests testExactCentersSurviveNativeGeoJSONAndRuntimeLoading]' started.
Test Case '-[LevelEditorFormatsTests.CallWaveButtonTests testExactCentersSurviveNativeGeoJSONAndRuntimeLoading]' passed (0.002 seconds).
Test Case '-[LevelEditorFormatsTests.CallWaveButtonTests testInvalidRouteAssignmentsAreRejected]' started.
Test Case '-[LevelEditorFormatsTests.CallWaveButtonTests testInvalidRouteAssignmentsAreRejected]' passed (0.000 seconds).
Test Case '-[LevelEditorFormatsTests.CallWaveButtonTests testLayoutProjectsExactCoordinatesAcrossRuntimeCanvases]' started.
Test Case '-[LevelEditorFormatsTests.CallWaveButtonTests testLayoutProjectsExactCoordinatesAcrossRuntimeCanvases]' passed (0.000 seconds).
Test Case '-[LevelEditorFormatsTests.CallWaveButtonTests testLegacyDocumentsOpenWithoutInventingButtonPositions]' started.
Test Case '-[LevelEditorFormatsTests.CallWaveButtonTests testLegacyDocumentsOpenWithoutInventingButtonPositions]' passed (0.000 seconds).
Test Case '-[LevelEditorFormatsTests.CallWaveButtonTests testOnlyUpcomingRoutesShowButtonsAndSharedEntrancesAppearOnce]' started.
Test Case '-[LevelEditorFormatsTests.CallWaveButtonTests testOnlyUpcomingRoutesShowButtonsAndSharedEntrancesAppearOnce]' passed (0.000 seconds).
Test Case '-[LevelEditorFormatsTests.CallWaveButtonTests testRuntimeRejectsMissingAndMalformedButtons]' started.
Test Case '-[LevelEditorFormatsTests.CallWaveButtonTests testRuntimeRejectsMissingAndMalformedButtons]' passed (0.000 seconds).
Test Case '-[LevelEditorFormatsTests.CallWaveButtonTests testSizingUsesRuntimeHUDScaleAndReadableMinimum]' started.
Test Case '-[LevelEditorFormatsTests.CallWaveButtonTests testSizingUsesRuntimeHUDScaleAndReadableMinimum]' passed (0.000 seconds).
Test Suite 'CallWaveButtonTests' passed at 2026-09-10 21:54:49.511.
	 Executed 9 tests, with 0 failures (0 unexpected) in 0.119 (0.120) seconds
Test Suite 'CharlestonWaveTests' started at 2026-09-10 21:54:49.511.
Test Case '-[LevelEditorFormatsTests.CharlestonWaveTests testDatabaseRoutesSpawnsAndAutomaticStartsMatchAuthoredWaves]' started.
/Users/john/projects/td/in-defense-of-history/Tests/LevelEditorFormatsTests/CharlestonWaveTests.swift:39: error: -[LevelEditorFormatsTests.CharlestonWaveTests testDatabaseRoutesSpawnsAndAutomaticStartsMatchAuthoredWaves] : XCTAssertEqual failed: ("Optional(LevelEditorFormats.Point(x: 495.65, y: 1221.96))") is not equal to ("Optional(LevelEditorFormats.Point(x: 510.0, y: 1276.0))")
/Users/john/projects/td/in-defense-of-history/Tests/LevelEditorFormatsTests/CharlestonWaveTests.swift:40: error: -[LevelEditorFormatsTests.CharlestonWaveTests testDatabaseRoutesSpawnsAndAutomaticStartsMatchAuthoredWaves] : XCTAssertEqual failed: ("Optional(LevelEditorFormats.Point(x: 1587.0, y: 549.0))") is not equal to ("Optional(LevelEditorFormats.Point(x: 1634.0, y: 552.0))")
/Users/john/projects/td/in-defense-of-history/Tests/LevelEditorFormatsTests/CharlestonWaveTests.swift:41: error: -[LevelEditorFormatsTests.CharlestonWaveTests testDatabaseRoutesSpawnsAndAutomaticStartsMatchAuthoredWaves] : XCTAssertEqual failed: ("Optional(LevelEditorFormats.Point(x: 1224.0, y: 1495.0))") is not equal to ("Optional(LevelEditorFormats.Point(x: 1214.0, y: 1496.0))")
/Users/john/projects/td/in-defense-of-history/Tests/LevelEditorFormatsTests/CharlestonWaveTests.swift:42: error: -[LevelEditorFormatsTests.CharlestonWaveTests testDatabaseRoutesSpawnsAndAutomaticStartsMatchAuthoredWaves] : XCTAssertEqual failed: ("Optional(LevelEditorFormats.Point(x: 2370.0, y: 1235.0))") is not equal to ("Optional(LevelEditorFormats.Point(x: 2366.0, y: 1304.0))")
/Users/john/projects/td/in-defense-of-history/Tests/LevelEditorFormatsTests/CharlestonWaveTests.swift:45: error: -[LevelEditorFormatsTests.CharlestonWaveTests testDatabaseRoutesSpawnsAndAutomaticStartsMatchAuthoredWaves] : XCTAssertTrue failed
/Users/john/projects/td/in-defense-of-history/Tests/LevelEditorFormatsTests/CharlestonWaveTests.swift:45: error: -[LevelEditorFormatsTests.CharlestonWaveTests testDatabaseRoutesSpawnsAndAutomaticStartsMatchAuthoredWaves] : XCTAssertTrue failed
/Users/john/projects/td/in-defense-of-history/Tests/LevelEditorFormatsTests/CharlestonWaveTests.swift:74: error: -[LevelEditorFormatsTests.CharlestonWaveTests testDatabaseRoutesSpawnsAndAutomaticStartsMatchAuthoredWaves] : XCTAssertEqual failed: ("1") is not equal to ("0")
/Users/john/projects/td/in-defense-of-history/Tests/LevelEditorFormatsTests/CharlestonWaveTests.swift:74: error: -[LevelEditorFormatsTests.CharlestonWaveTests testDatabaseRoutesSpawnsAndAutomaticStartsMatchAuthoredWaves] : XCTAssertEqual failed: ("1") is not equal to ("0")
/Users/john/projects/td/in-defense-of-history/Tests/LevelEditorFormatsTests/CharlestonWaveTests.swift:74: error: -[LevelEditorFormatsTests.CharlestonWaveTests testDatabaseRoutesSpawnsAndAutomaticStartsMatchAuthoredWaves] : XCTAssertEqual failed: ("1") is not equal to ("0")
/Users/john/projects/td/in-defense-of-history/Tests/LevelEditorFormatsTests/CharlestonWaveTests.swift:74: error: -[LevelEditorFormatsTests.CharlestonWaveTests testDatabaseRoutesSpawnsAndAutomaticStartsMatchAuthoredWaves] : XCTAssertEqual failed: ("1") is not equal to ("0")
/Users/john/projects/td/in-defense-of-history/Tests/LevelEditorFormatsTests/CharlestonWaveTests.swift:74: error: -[LevelEditorFormatsTests.CharlestonWaveTests testDatabaseRoutesSpawnsAndAutomaticStartsMatchAuthoredWaves] : XCTAssertEqual failed: ("1") is not equal to ("0")
/Users/john/projects/td/in-defense-of-history/Tests/LevelEditorFormatsTests/CharlestonWaveTests.swift:74: error: -[LevelEditorFormatsTests.CharlestonWaveTests testDatabaseRoutesSpawnsAndAutomaticStartsMatchAuthoredWaves] : XCTAssertEqual failed: ("1") is not equal to ("0")
/Users/john/projects/td/in-defense-of-history/Tests/LevelEditorFormatsTests/CharlestonWaveTests.swift:74: error: -[LevelEditorFormatsTests.CharlestonWaveTests testDatabaseRoutesSpawnsAndAutomaticStartsMatchAuthoredWaves] : XCTAssertEqual failed: ("1") is not equal to ("0")
/Users/john/projects/td/in-defense-of-history/Tests/LevelEditorFormatsTests/CharlestonWaveTests.swift:74: error: -[LevelEditorFormatsTests.CharlestonWaveTests testDatabaseRoutesSpawnsAndAutomaticStartsMatchAuthoredWaves] : XCTAssertEqual failed: ("1") is not equal to ("0")
/Users/john/projects/td/in-defense-of-history/Tests/LevelEditorFormatsTests/CharlestonWaveTests.swift:74: error: -[LevelEditorFormatsTests.CharlestonWaveTests testDatabaseRoutesSpawnsAndAutomaticStartsMatchAuthoredWaves] : XCTAssertEqual failed: ("1") is not equal to ("0")
/Users/john/projects/td/in-defense-of-history/Tests/LevelEditorFormatsTests/CharlestonWaveTests.swift:74: error: -[LevelEditorFormatsTests.CharlestonWaveTests testDatabaseRoutesSpawnsAndAutomaticStartsMatchAuthoredWaves] : XCTAssertEqual failed: ("1") is not equal to ("0")
/Users/john/projects/td/in-defense-of-history/Tests/LevelEditorFormatsTests/CharlestonWaveTests.swift:74: error: -[LevelEditorFormatsTests.CharlestonWaveTests testDatabaseRoutesSpawnsAndAutomaticStartsMatchAuthoredWaves] : XCTAssertEqual failed: ("1") is not equal to ("0")
/Users/john/projects/td/in-defense-of-history/Tests/LevelEditorFormatsTests/CharlestonWaveTests.swift:74: error: -[LevelEditorFormatsTests.CharlestonWaveTests testDatabaseRoutesSpawnsAndAutomaticStartsMatchAuthoredWaves] : XCTAssertEqual failed: ("1") is not equal to ("0")
/Users/john/projects/td/in-defense-of-history/Tests/LevelEditorFormatsTests/CharlestonWaveTests.swift:74: error: -[LevelEditorFormatsTests.CharlestonWaveTests testDatabaseRoutesSpawnsAndAutomaticStartsMatchAuthoredWaves] : XCTAssertEqual failed: ("1") is not equal to ("0")
/Users/john/projects/td/in-defense-of-history/Tests/LevelEditorFormatsTests/CharlestonWaveTests.swift:74: error: -[LevelEditorFormatsTests.CharlestonWaveTests testDatabaseRoutesSpawnsAndAutomaticStartsMatchAuthoredWaves] : XCTAssertEqual failed: ("1") is not equal to ("0")
/Users/john/projects/td/in-defense-of-history/Tests/LevelEditorFormatsTests/CharlestonWaveTests.swift:74: error: -[LevelEditorFormatsTests.CharlestonWaveTests testDatabaseRoutesSpawnsAndAutomaticStartsMatchAuthoredWaves] : XCTAssertEqual failed: ("1") is not equal to ("0")
/Users/john/projects/td/in-defense-of-history/Tests/LevelEditorFormatsTests/CharlestonWaveTests.swift:74: error: -[LevelEditorFormatsTests.CharlestonWaveTests testDatabaseRoutesSpawnsAndAutomaticStartsMatchAuthoredWaves] : XCTAssertEqual failed: ("1") is not equal to ("0")
/Users/john/projects/td/in-defense-of-history/Tests/LevelEditorFormatsTests/CharlestonWaveTests.swift:74: error: -[LevelEditorFormatsTests.CharlestonWaveTests testDatabaseRoutesSpawnsAndAutomaticStartsMatchAuthoredWaves] : XCTAssertEqual failed: ("1") is not equal to ("0")
/Users/john/projects/td/in-defense-of-history/Tests/LevelEditorFormatsTests/CharlestonWaveTests.swift:74: error: -[LevelEditorFormatsTests.CharlestonWaveTests testDatabaseRoutesSpawnsAndAutomaticStartsMatchAuthoredWaves] : XCTAssertEqual failed: ("1") is not equal to ("0")
/Users/john/projects/td/in-defense-of-history/Tests/LevelEditorFormatsTests/CharlestonWaveTests.swift:74: error: -[LevelEditorFormatsTests.CharlestonWaveTests testDatabaseRoutesSpawnsAndAutomaticStartsMatchAuthoredWaves] : XCTAssertEqual failed: ("1") is not equal to ("0")
/Users/john/projects/td/in-defense-of-history/Tests/LevelEditorFormatsTests/CharlestonWaveTests.swift:74: error: -[LevelEditorFormatsTests.CharlestonWaveTests testDatabaseRoutesSpawnsAndAutomaticStartsMatchAuthoredWaves] : XCTAssertEqual failed: ("1") is not equal to ("0")
/Users/john/projects/td/in-defense-of-history/Tests/LevelEditorFormatsTests/CharlestonWaveTests.swift:74: error: -[LevelEditorFormatsTests.CharlestonWaveTests testDatabaseRoutesSpawnsAndAutomaticStartsMatchAuthoredWaves] : XCTAssertEqual failed: ("1") is not equal to ("0")
/Users/john/projects/td/in-defense-of-history/Tests/LevelEditorFormatsTests/CharlestonWaveTests.swift:74: error: -[LevelEditorFormatsTests.CharlestonWaveTests testDatabaseRoutesSpawnsAndAutomaticStartsMatchAuthoredWaves] : XCTAssertEqual failed: ("1") is not equal to ("0")
/Users/john/projects/td/in-defense-of-history/Tests/LevelEditorFormatsTests/CharlestonWaveTests.swift:74: error: -[LevelEditorFormatsTests.CharlestonWaveTests testDatabaseRoutesSpawnsAndAutomaticStartsMatchAuthoredWaves] : XCTAssertEqual failed: ("1") is not equal to ("0")
/Users/john/projects/td/in-defense-of-history/Tests/LevelEditorFormatsTests/CharlestonWaveTests.swift:74: error: -[LevelEditorFormatsTests.CharlestonWaveTests testDatabaseRoutesSpawnsAndAutomaticStartsMatchAuthoredWaves] : XCTAssertEqual failed: ("1") is not equal to ("0")
/Users/john/projects/td/in-defense-of-history/Tests/LevelEditorFormatsTests/CharlestonWaveTests.swift:74: error: -[LevelEditorFormatsTests.CharlestonWaveTests testDatabaseRoutesSpawnsAndAutomaticStartsMatchAuthoredWaves] : XCTAssertEqual failed: ("1") is not equal to ("0")
/Users/john/projects/td/in-defense-of-history/Tests/LevelEditorFormatsTests/CharlestonWaveTests.swift:74: error: -[LevelEditorFormatsTests.CharlestonWaveTests testDatabaseRoutesSpawnsAndAutomaticStartsMatchAuthoredWaves] : XCTAssertEqual failed: ("1") is not equal to ("0")
/Users/john/projects/td/in-defense-of-history/Tests/LevelEditorFormatsTests/CharlestonWaveTests.swift:74: error: -[LevelEditorFormatsTests.CharlestonWaveTests testDatabaseRoutesSpawnsAndAutomaticStartsMatchAuthoredWaves] : XCTAssertEqual failed: ("1") is not equal to ("0")
/Users/john/projects/td/in-defense-of-history/Tests/LevelEditorFormatsTests/CharlestonWaveTests.swift:74: error: -[LevelEditorFormatsTests.CharlestonWaveTests testDatabaseRoutesSpawnsAndAutomaticStartsMatchAuthoredWaves] : XCTAssertEqual failed: ("1") is not equal to ("0")
/Users/john/projects/td/in-defense-of-history/Tests/LevelEditorFormatsTests/CharlestonWaveTests.swift:74: error: -[LevelEditorFormatsTests.CharlestonWaveTests testDatabaseRoutesSpawnsAndAutomaticStartsMatchAuthoredWaves] : XCTAssertEqual failed: ("1") is not equal to ("0")
/Users/john/projects/td/in-defense-of-history/Tests/LevelEditorFormatsTests/CharlestonWaveTests.swift:74: error: -[LevelEditorFormatsTests.CharlestonWaveTests testDatabaseRoutesSpawnsAndAutomaticStartsMatchAuthoredWaves] : XCTAssertEqual failed: ("1") is not equal to ("0")
/Users/john/projects/td/in-defense-of-history/Tests/LevelEditorFormatsTests/CharlestonWaveTests.swift:74: error: -[LevelEditorFormatsTests.CharlestonWaveTests testDatabaseRoutesSpawnsAndAutomaticStartsMatchAuthoredWaves] : XCTAssertEqual failed: ("1") is not equal to ("0")
/Users/john/projects/td/in-defense-of-history/Tests/LevelEditorFormatsTests/CharlestonWaveTests.swift:74: error: -[LevelEditorFormatsTests.CharlestonWaveTests testDatabaseRoutesSpawnsAndAutomaticStartsMatchAuthoredWaves] : XCTAssertEqual failed: ("1") is not equal to ("0")
/Users/john/projects/td/in-defense-of-history/Tests/LevelEditorFormatsTests/CharlestonWaveTests.swift:74: error: -[LevelEditorFormatsTests.CharlestonWaveTests testDatabaseRoutesSpawnsAndAutomaticStartsMatchAuthoredWaves] : XCTAssertEqual failed: ("1") is not equal to ("0")
/Users/john/projects/td/in-defense-of-history/Tests/LevelEditorFormatsTests/CharlestonWaveTests.swift:74: error: -[LevelEditorFormatsTests.CharlestonWaveTests testDatabaseRoutesSpawnsAndAutomaticStartsMatchAuthoredWaves] : XCTAssertEqual failed: ("1") is not equal to ("0")
/Users/john/projects/td/in-defense-of-history/Tests/LevelEditorFormatsTests/CharlestonWaveTests.swift:74: error: -[LevelEditorFormatsTests.CharlestonWaveTests testDatabaseRoutesSpawnsAndAutomaticStartsMatchAuthoredWaves] : XCTAssertEqual failed: ("1") is not equal to ("0")
/Users/john/projects/td/in-defense-of-history/Tests/LevelEditorFormatsTests/CharlestonWaveTests.swift:74: error: -[LevelEditorFormatsTests.CharlestonWaveTests testDatabaseRoutesSpawnsAndAutomaticStartsMatchAuthoredWaves] : XCTAssertEqual failed: ("1") is not equal to ("0")
/Users/john/projects/td/in-defense-of-history/Tests/LevelEditorFormatsTests/CharlestonWaveTests.swift:74: error: -[LevelEditorFormatsTests.CharlestonWaveTests testDatabaseRoutesSpawnsAndAutomaticStartsMatchAuthoredWaves] : XCTAssertEqual failed: ("1") is not equal to ("0")
/Users/john/projects/td/in-defense-of-history/Tests/LevelEditorFormatsTests/CharlestonWaveTests.swift:74: error: -[LevelEditorFormatsTests.CharlestonWaveTests testDatabaseRoutesSpawnsAndAutomaticStartsMatchAuthoredWaves] : XCTAssertEqual failed: ("1") is not equal to ("0")
/Users/john/projects/td/in-defense-of-history/Tests/LevelEditorFormatsTests/CharlestonWaveTests.swift:74: error: -[LevelEditorFormatsTests.CharlestonWaveTests testDatabaseRoutesSpawnsAndAutomaticStartsMatchAuthoredWaves] : XCTAssertEqual failed: ("1") is not equal to ("0")
Test Case '-[LevelEditorFormatsTests.CharlestonWaveTests testDatabaseRoutesSpawnsAndAutomaticStartsMatchAuthoredWaves]' failed (0.220 seconds).
Test Case '-[LevelEditorFormatsTests.CharlestonWaveTests testEditorPreservesBothRoutesAndAllWaveTiming]' started.
/Users/john/projects/td/in-defense-of-history/Tests/LevelEditorFormatsTests/CharlestonWaveTests.swift:20: error: -[LevelEditorFormatsTests.CharlestonWaveTests testEditorPreservesBothRoutesAndAllWaveTiming] : XCTAssertEqual failed: ("[0]") is not equal to ("[0, 1]")
Test Case '-[LevelEditorFormatsTests.CharlestonWaveTests testEditorPreservesBothRoutesAndAllWaveTiming]' failed (0.083 seconds).
Test Suite 'CharlestonWaveTests' failed at 2026-09-10 21:54:49.815.
	 Executed 2 tests, with 46 failures (0 unexpected) in 0.303 (0.303) seconds
Test Suite 'EditorArrowKeyTests' started at 2026-09-10 21:54:49.815.
Test Case '-[LevelEditorFormatsTests.EditorArrowKeyTests testAllArrowsReachSelectionWithFocusOutsideCanvasExactlyOnce]' started.
Test Case '-[LevelEditorFormatsTests.EditorArrowKeyTests testAllArrowsReachSelectionWithFocusOutsideCanvasExactlyOnce]' passed (0.119 seconds).
Test Case '-[LevelEditorFormatsTests.EditorArrowKeyTests testHiddenOrDetachedCanvasCannotConsumeArrows]' started.
Test Case '-[LevelEditorFormatsTests.EditorArrowKeyTests testHiddenOrDetachedCanvasCannotConsumeArrows]' passed (0.009 seconds).
Test Case '-[LevelEditorFormatsTests.EditorArrowKeyTests testInactiveAndOtherDocumentWindowsCannotNudge]' started.
Test Case '-[LevelEditorFormatsTests.EditorArrowKeyTests testInactiveAndOtherDocumentWindowsCannotNudge]' passed (0.017 seconds).
Test Case '-[LevelEditorFormatsTests.EditorArrowKeyTests testSelectionChangesAndKeyRepeatUseCurrentHandler]' started.
Test Case '-[LevelEditorFormatsTests.EditorArrowKeyTests testSelectionChangesAndKeyRepeatUseCurrentHandler]' passed (0.007 seconds).
Test Case '-[LevelEditorFormatsTests.EditorArrowKeyTests testShortcutsAndNonArrowKeysPassThrough]' started.
Test Case '-[LevelEditorFormatsTests.EditorArrowKeyTests testShortcutsAndNonArrowKeysPassThrough]' passed (0.007 seconds).
Test Case '-[LevelEditorFormatsTests.EditorArrowKeyTests testSwiftUIHostingViewDoesNotBlockCanvasArrows]' started.
Test Case '-[LevelEditorFormatsTests.EditorArrowKeyTests testSwiftUIHostingViewDoesNotBlockCanvasArrows]' passed (0.011 seconds).
Test Case '-[LevelEditorFormatsTests.EditorArrowKeyTests testTextFieldEditorKeepsArrowKeys]' started.
Test Case '-[LevelEditorFormatsTests.EditorArrowKeyTests testTextFieldEditorKeepsArrowKeys]' passed (0.023 seconds).
Test Suite 'EditorArrowKeyTests' passed at 2026-09-10 21:54:50.008.
	 Executed 7 tests, with 0 failures (0 unexpected) in 0.193 (0.193) seconds
Test Suite 'EditorDocumentLifecycleTests' started at 2026-09-10 21:54:50.008.
Test Case '-[LevelEditorFormatsTests.EditorDocumentLifecycleTests testExplicitlyOpenedDocumentTakesPriorityOverStartupRecents]' started.
Test Case '-[LevelEditorFormatsTests.EditorDocumentLifecycleTests testExplicitlyOpenedDocumentTakesPriorityOverStartupRecents]' passed (0.006 seconds).
Test Case '-[LevelEditorFormatsTests.EditorDocumentLifecycleTests testFailedOpenKeepsUntitledDocument]' started.
Test Case '-[LevelEditorFormatsTests.EditorDocumentLifecycleTests testFailedOpenKeepsUntitledDocument]' passed (0.000 seconds).
Test Case '-[LevelEditorFormatsTests.EditorDocumentLifecycleTests testNoRecentFilesCreatesOnlyOneUntitledDocument]' started.
Test Case '-[LevelEditorFormatsTests.EditorDocumentLifecycleTests testNoRecentFilesCreatesOnlyOneUntitledDocument]' passed (0.000 seconds).
Test Case '-[LevelEditorFormatsTests.EditorDocumentLifecycleTests testStartupUsesLastEditInsteadOfLastOpenAndCreatesNoUntitledWindow]' started.
Test Case '-[LevelEditorFormatsTests.EditorDocumentLifecycleTests testStartupUsesLastEditInsteadOfLastOpenAndCreatesNoUntitledWindow]' passed (0.002 seconds).
Test Case '-[LevelEditorFormatsTests.EditorDocumentLifecycleTests testSuccessfulOpenClosesOnlyPristineUntitledDocuments]' started.
Test Case '-[LevelEditorFormatsTests.EditorDocumentLifecycleTests testSuccessfulOpenClosesOnlyPristineUntitledDocuments]' passed (0.001 seconds).
Test Case '-[LevelEditorFormatsTests.EditorDocumentLifecycleTests testUnreadableRecentFallsBackToNextMapThenUntitled]' started.
Test Case '-[LevelEditorFormatsTests.EditorDocumentLifecycleTests testUnreadableRecentFallsBackToNextMapThenUntitled]' passed (0.002 seconds).
Test Suite 'EditorDocumentLifecycleTests' passed at 2026-09-10 21:54:50.019.
	 Executed 6 tests, with 0 failures (0 unexpected) in 0.010 (0.011) seconds
Test Suite 'EditorEraserIntegrationTests' started at 2026-09-10 21:54:50.019.
Test Case '-[LevelEditorFormatsTests.EditorEraserIntegrationTests testCancelDiscardsPreviewAndIgnoresLateMoveAndRelease]' started.
Test Case '-[LevelEditorFormatsTests.EditorEraserIntegrationTests testCancelDiscardsPreviewAndIgnoresLateMoveAndRelease]' passed (0.001 seconds).
Test Case '-[LevelEditorFormatsTests.EditorEraserIntegrationTests testCanvasCoordinatesAtDifferentZoomsAndPanOffsetsEraseUnderTheCursor]' started.
Test Case '-[LevelEditorFormatsTests.EditorEraserIntegrationTests testCanvasCoordinatesAtDifferentZoomsAndPanOffsetsEraseUnderTheCursor]' passed (0.001 seconds).
Test Case '-[LevelEditorFormatsTests.EditorEraserIntegrationTests testClickWithoutDraggingErasesACircularDab]' started.
Test Case '-[LevelEditorFormatsTests.EditorEraserIntegrationTests testClickWithoutDraggingErasesACircularDab]' passed (0.001 seconds).
Test Case '-[LevelEditorFormatsTests.EditorEraserIntegrationTests testCoordinatesClampToCanvasAndInvalidInputCannotCommit]' started.
Test Case '-[LevelEditorFormatsTests.EditorEraserIntegrationTests testCoordinatesClampToCanvasAndInvalidInputCannotCommit]' passed (0.000 seconds).
Test Case '-[LevelEditorFormatsTests.EditorEraserIntegrationTests testDragPreviewDoesNotChangeDocumentOrUndoUntilRelease]' started.
Test Case '-[LevelEditorFormatsTests.EditorEraserIntegrationTests testDragPreviewDoesNotChangeDocumentOrUndoUntilRelease]' passed (0.001 seconds).
Test Case '-[LevelEditorFormatsTests.EditorEraserIntegrationTests testDuplicateReleaseCannotCommitTwice]' started.
Test Case '-[LevelEditorFormatsTests.EditorEraserIntegrationTests testDuplicateReleaseCannotCommitTwice]' passed (0.000 seconds).
Test Case '-[LevelEditorFormatsTests.EditorEraserIntegrationTests testEraserThenPainterUseSeparateStrokesAndUndoSeparately]' started.
Test Case '-[LevelEditorFormatsTests.EditorEraserIntegrationTests testEraserThenPainterUseSeparateStrokesAndUndoSeparately]' passed (0.000 seconds).
Test Case '-[LevelEditorFormatsTests.EditorEraserIntegrationTests testErasingLeavesTowersHeroesMarkersImagesAndWaveDataIntact]' started.
Test Case '-[LevelEditorFormatsTests.EditorEraserIntegrationTests testErasingLeavesTowersHeroesMarkersImagesAndWaveDataIntact]' passed (0.001 seconds).
Test Case '-[LevelEditorFormatsTests.EditorEraserIntegrationTests testGestureCutSurvivesActualNativeFileAndGeoJSONFileRoundTrips]' started.
Test Case '-[LevelEditorFormatsTests.EditorEraserIntegrationTests testGestureCutSurvivesActualNativeFileAndGeoJSONFileRoundTrips]' passed (0.004 seconds).
Test Case '-[LevelEditorFormatsTests.EditorEraserIntegrationTests testMissDoesNotDirtyDocumentOrAddUndo]' started.
Test Case '-[LevelEditorFormatsTests.EditorEraserIntegrationTests testMissDoesNotDirtyDocumentOrAddUndo]' passed (0.000 seconds).
Test Case '-[LevelEditorFormatsTests.EditorEraserIntegrationTests testMouseUpIncludesFinalSampleEvenBelowPreviewSamplingDistance]' started.
Test Case '-[LevelEditorFormatsTests.EditorEraserIntegrationTests testMouseUpIncludesFinalSampleEvenBelowPreviewSamplingDistance]' passed (0.000 seconds).
Test Case '-[LevelEditorFormatsTests.EditorEraserIntegrationTests testSeparateDocumentsHaveIndependentPreviewsAndUndo]' started.
Test Case '-[LevelEditorFormatsTests.EditorEraserIntegrationTests testSeparateDocumentsHaveIndependentPreviewsAndUndo]' passed (0.000 seconds).
Test Suite 'EditorEraserIntegrationTests' passed at 2026-09-10 21:54:50.029.
	 Executed 12 tests, with 0 failures (0 unexpected) in 0.009 (0.010) seconds
Test Suite 'EditorEraserTests' started at 2026-09-10 21:54:50.029.
Test Case '-[LevelEditorFormatsTests.EditorEraserTests testBrushSizeAndEdgeMatrixMatchesCircularFootprint]' started.
Test Case '-[LevelEditorFormatsTests.EditorEraserTests testBrushSizeAndEdgeMatrixMatchesCircularFootprint]' passed (0.028 seconds).
Test Case '-[LevelEditorFormatsTests.EditorEraserTests testCircularDabErasesVisibleRoadEdgeWithoutTouchingCenterline]' started.
Test Case '-[LevelEditorFormatsTests.EditorEraserTests testCircularDabErasesVisibleRoadEdgeWithoutTouchingCenterline]' passed (0.000 seconds).
Test Case '-[LevelEditorFormatsTests.EditorEraserTests testCompleteEraseAndRepaintPreserveImportedRouteIndices]' started.
Test Case '-[LevelEditorFormatsTests.EditorEraserTests testCompleteEraseAndRepaintPreserveImportedRouteIndices]' passed (0.001 seconds).
Test Case '-[LevelEditorFormatsTests.EditorEraserTests testCompleteNativeAndPaintEraseCannotReappearOnSave]' started.
Test Case '-[LevelEditorFormatsTests.EditorEraserTests testCompleteNativeAndPaintEraseCannotReappearOnSave]' passed (0.003 seconds).
Test Case '-[LevelEditorFormatsTests.EditorEraserTests testCutsSurviveNativeSaveAndGeoJSONExport]' started.
Test Case '-[LevelEditorFormatsTests.EditorEraserTests testCutsSurviveNativeSaveAndGeoJSONExport]' passed (0.004 seconds).
Test Case '-[LevelEditorFormatsTests.EditorEraserTests testDraggedPreviewAndCommitMatchTheBrushAcrossOverlappingSurfaces]' started.
Test Case '-[LevelEditorFormatsTests.EditorEraserTests testDraggedPreviewAndCommitMatchTheBrushAcrossOverlappingSurfaces]' passed (0.003 seconds).
Test Case '-[LevelEditorFormatsTests.EditorEraserTests testEraserTrimsPaintedEdgesAndSingleDabs]' started.
Test Case '-[LevelEditorFormatsTests.EditorEraserTests testEraserTrimsPaintedEdgesAndSingleDabs]' passed (0.001 seconds).
Test Case '-[LevelEditorFormatsTests.EditorEraserTests testErasingKeepsEditableWaypointsAndWaveAssignments]' started.
Test Case '-[LevelEditorFormatsTests.EditorEraserTests testErasingKeepsEditableWaypointsAndWaveAssignments]' passed (0.000 seconds).
Test Case '-[LevelEditorFormatsTests.EditorEraserTests testFastSparseDragErasesContinuouslyLikeDenseSamples]' started.
Test Case '-[LevelEditorFormatsTests.EditorEraserTests testFastSparseDragErasesContinuouslyLikeDenseSamples]' passed (0.002 seconds).
Test Case '-[LevelEditorFormatsTests.EditorEraserTests testImportedHolesAndDisconnectedIslandsSurviveAnEdgeCutAndReload]' started.
Test Case '-[LevelEditorFormatsTests.EditorEraserTests testImportedHolesAndDisconnectedIslandsSurviveAnEdgeCutAndReload]' passed (0.001 seconds).
Test Case '-[LevelEditorFormatsTests.EditorEraserTests testInvalidEraserDataIsANoOp]' started.
Test Case '-[LevelEditorFormatsTests.EditorEraserTests testInvalidEraserDataIsANoOp]' passed (0.000 seconds).
Test Case '-[LevelEditorFormatsTests.EditorEraserTests testLegacyStoredErasuresPreservePaintOrderAndDoNotCutWaypoints]' started.
Test Case '-[LevelEditorFormatsTests.EditorEraserTests testLegacyStoredErasuresPreservePaintOrderAndDoNotCutWaypoints]' passed (0.000 seconds).
Test Case '-[LevelEditorFormatsTests.EditorEraserTests testNewPaintCanRefillACutAndBeErasedAgain]' started.
Test Case '-[LevelEditorFormatsTests.EditorEraserTests testNewPaintCanRefillACutAndBeErasedAgain]' passed (0.001 seconds).
Test Case '-[LevelEditorFormatsTests.EditorEraserTests testOneDragHasOneUndoAndRedo]' started.
Test Case '-[LevelEditorFormatsTests.EditorEraserTests testOneDragHasOneUndoAndRedo]' passed (0.000 seconds).
Test Case '-[LevelEditorFormatsTests.EditorEraserTests testRepeatingTheSameEraseDoesNotCreateAnotherEdit]' started.
Test Case '-[LevelEditorFormatsTests.EditorEraserTests testRepeatingTheSameEraseDoesNotCreateAnotherEdit]' passed (0.003 seconds).
Test Case '-[LevelEditorFormatsTests.EditorEraserTests testSmallCenterDabDoesNotRemovePathOutsideTheCircle]' started.
Test Case '-[LevelEditorFormatsTests.EditorEraserTests testSmallCenterDabDoesNotRemovePathOutsideTheCircle]' passed (0.000 seconds).
Test Suite 'EditorEraserTests' passed at 2026-09-10 21:54:50.077.
	 Executed 16 tests, with 0 failures (0 unexpected) in 0.047 (0.048) seconds
Test Suite 'EnemyEscapeHapticTests' started at 2026-09-10 21:54:50.077.
Test Case '-[LevelEditorFormatsTests.EnemyEscapeHapticTests testDefeatOverridesRecentLossAndCoalescedLossesPlayOnlyDefeat]' started.
Test Case '-[LevelEditorFormatsTests.EnemyEscapeHapticTests testDefeatOverridesRecentLossAndCoalescedLossesPlayOnlyDefeat]' passed (0.000 seconds).
Test Case '-[LevelEditorFormatsTests.EnemyEscapeHapticTests testLoadingAndCounterResetDoNotProduceLossFeedback]' started.
Test Case '-[LevelEditorFormatsTests.EnemyEscapeHapticTests testLoadingAndCounterResetDoNotProduceLossFeedback]' passed (0.000 seconds).
Test Case '-[LevelEditorFormatsTests.EnemyEscapeHapticTests testLossBecomesAvailableAtHalfSecondRegardlessOfEscapeCount]' started.
Test Case '-[LevelEditorFormatsTests.EnemyEscapeHapticTests testLossBecomesAvailableAtHalfSecondRegardlessOfEscapeCount]' passed (0.000 seconds).
Test Case '-[LevelEditorFormatsTests.EnemyEscapeHapticTests testMutedAndInactiveLossesDoNotReplayWhenEnabledOrResumed]' started.
Test Case '-[LevelEditorFormatsTests.EnemyEscapeHapticTests testMutedAndInactiveLossesDoNotReplayWhenEnabledOrResumed]' passed (0.000 seconds).
Test Case '-[LevelEditorFormatsTests.EnemyEscapeHapticTests testSeparateEscapesSignalLossAndBurstDoesNotAccumulateDelayedFeedback]' started.
Test Case '-[LevelEditorFormatsTests.EnemyEscapeHapticTests testSeparateEscapesSignalLossAndBurstDoesNotAccumulateDelayedFeedback]' passed (0.000 seconds).
Test Suite 'EnemyEscapeHapticTests' passed at 2026-09-10 21:54:50.078.
	 Executed 5 tests, with 0 failures (0 unexpected) in 0.001 (0.001) seconds
Test Suite 'GameplayHapticPatternTests' started at 2026-09-10 21:54:50.078.
Test Case '-[LevelEditorFormatsTests.GameplayHapticPatternTests testActualCoreHapticsPatternsValidateAndRoundTripWithoutAudio]' started.
Test Case '-[LevelEditorFormatsTests.GameplayHapticPatternTests testActualCoreHapticsPatternsValidateAndRoundTripWithoutAudio]' passed (0.001 seconds).
Test Case '-[LevelEditorFormatsTests.GameplayHapticPatternTests testBuildRetainsSingleHeavyThudWithFirmerAttack]' started.
Test Case '-[LevelEditorFormatsTests.GameplayHapticPatternTests testBuildRetainsSingleHeavyThudWithFirmerAttack]' passed (0.001 seconds).
Test Case '-[LevelEditorFormatsTests.GameplayHapticPatternTests testDefeatRetainsItsSeparateTwoRumblesWithSilenceBetweenThem]' started.
Test Case '-[LevelEditorFormatsTests.GameplayHapticPatternTests testDefeatRetainsItsSeparateTwoRumblesWithSilenceBetweenThem]' passed (0.000 seconds).
Test Case '-[LevelEditorFormatsTests.GameplayHapticPatternTests testLossUsesDistinctSustainedShapeAndLeavesAGapBetweenRepeatedCues]' started.
Test Case '-[LevelEditorFormatsTests.GameplayHapticPatternTests testLossUsesDistinctSustainedShapeAndLeavesAGapBetweenRepeatedCues]' passed (0.000 seconds).
Test Suite 'GameplayHapticPatternTests' passed at 2026-09-10 21:54:50.081.
	 Executed 4 tests, with 0 failures (0 unexpected) in 0.002 (0.003) seconds
Test Suite 'HapticAuditionTests' started at 2026-09-10 21:54:50.081.
Test Case '-[LevelEditorFormatsTests.HapticAuditionTests testAllTwentyPlayInOrderWithOneAndAQuarterSecondsOnlyAfterEachCompletion]' started.
Test Case '-[LevelEditorFormatsTests.HapticAuditionTests testAllTwentyPlayInOrderWithOneAndAQuarterSecondsOnlyAfterEachCompletion]' passed (0.040 seconds).
Test Case '-[LevelEditorFormatsTests.HapticAuditionTests testHardwareFailureEndsAuditionWithoutMislabelledFallback]' started.
Test Case '-[LevelEditorFormatsTests.HapticAuditionTests testHardwareFailureEndsAuditionWithoutMislabelledFallback]' passed (0.002 seconds).
Test Case '-[LevelEditorFormatsTests.HapticAuditionTests testLeavingScreenStopsAndReturningDoesNotAutoplayAgain]' started.
Test Case '-[LevelEditorFormatsTests.HapticAuditionTests testLeavingScreenStopsAndReturningDoesNotAutoplayAgain]' passed (0.003 seconds).
Test Case '-[LevelEditorFormatsTests.HapticAuditionTests testProductionDefaultDoesNotAutoplayOnLaunchOrReturn]' started.
Test Case '-[LevelEditorFormatsTests.HapticAuditionTests testProductionDefaultDoesNotAutoplayOnLaunchOrReturn]' passed (0.001 seconds).
Test Case '-[LevelEditorFormatsTests.HapticAuditionTests testStopDuringGapCannotLeakIntoReplay]' started.
Test Case '-[LevelEditorFormatsTests.HapticAuditionTests testStopDuringGapCannotLeakIntoReplay]' passed (0.003 seconds).
Test Case '-[LevelEditorFormatsTests.HapticAuditionTests testTwentyDistinctValidPatternsHaveStableNumbers]' started.
Test Case '-[LevelEditorFormatsTests.HapticAuditionTests testTwentyDistinctValidPatternsHaveStableNumbers]' passed (0.001 seconds).
Test Suite 'HapticAuditionTests' passed at 2026-09-10 21:54:50.132.
	 Executed 6 tests, with 0 failures (0 unexpected) in 0.050 (0.051) seconds
Test Suite 'HeroBarLayoutTests' started at 2026-09-10 21:54:50.132.
Test Case '-[LevelEditorFormatsTests.HeroBarLayoutTests testHudMarginConsumesTheAvailableOcclusionWidth]' started.
Test Case '-[LevelEditorFormatsTests.HeroBarLayoutTests testHudMarginConsumesTheAvailableOcclusionWidth]' passed (0.000 seconds).
Test Case '-[LevelEditorFormatsTests.HeroBarLayoutTests testPhoneUsesSpaceBesideTheMapToReachFullOcclusionHeight]' started.
Test Case '-[LevelEditorFormatsTests.HeroBarLayoutTests testPhoneUsesSpaceBesideTheMapToReachFullOcclusionHeight]' passed (0.000 seconds).
Test Case '-[LevelEditorFormatsTests.HeroBarLayoutTests testRowStaysInsideLowerLeftOcclusionAcrossScreenAndSafeAreaSizes]' started.
Test Case '-[LevelEditorFormatsTests.HeroBarLayoutTests testRowStaysInsideLowerLeftOcclusionAcrossScreenAndSafeAreaSizes]' passed (0.000 seconds).
Test Case '-[LevelEditorFormatsTests.HeroBarLayoutTests testShortOcclusionLimitsHeightInsteadOfClippingTheButtons]' started.
Test Case '-[LevelEditorFormatsTests.HeroBarLayoutTests testShortOcclusionLimitsHeightInsteadOfClippingTheButtons]' passed (0.000 seconds).
Test Case '-[LevelEditorFormatsTests.HeroBarLayoutTests testSpaceBelowTheMapCanIncreaseHeightBeyondTheOcclusion]' started.
Test Case '-[LevelEditorFormatsTests.HeroBarLayoutTests testSpaceBelowTheMapCanIncreaseHeightBeyondTheOcclusion]' passed (0.000 seconds).
Test Suite 'HeroBarLayoutTests' passed at 2026-09-10 21:54:50.133.
	 Executed 5 tests, with 0 failures (0 unexpected) in 0.001 (0.001) seconds
Test Suite 'HeroExitConfigurationTests' started at 2026-09-10 21:54:50.133.
Test Case '-[LevelEditorFormatsTests.HeroExitConfigurationTests testCapacityLimitsAndOptionalSecondChoice]' started.
Test Case '-[LevelEditorFormatsTests.HeroExitConfigurationTests testCapacityLimitsAndOptionalSecondChoice]' passed (0.001 seconds).
Test Case '-[LevelEditorFormatsTests.HeroExitConfigurationTests testEveryMainLevelHasExplicitCapacityAndStartingPoints]' started.
Test Case '-[LevelEditorFormatsTests.HeroExitConfigurationTests testEveryMainLevelHasExplicitCapacityAndStartingPoints]' passed (0.092 seconds).
Test Case '-[LevelEditorFormatsTests.HeroExitConfigurationTests testLegacyImportCopiesCoordinatesOnceAndExportUsesIndependentPoints]' started.
Test Case '-[LevelEditorFormatsTests.HeroExitConfigurationTests testLegacyImportCopiesCoordinatesOnceAndExportUsesIndependentPoints]' passed (0.002 seconds).
Test Case '-[LevelEditorFormatsTests.HeroExitConfigurationTests testRankingResolvesRolesAndExactStartingCoordinatesAtLoadTime]' started.
Test Case '-[LevelEditorFormatsTests.HeroExitConfigurationTests testRankingResolvesRolesAndExactStartingCoordinatesAtLoadTime]' passed (0.000 seconds).
Test Case '-[LevelEditorFormatsTests.HeroExitConfigurationTests testRejectsMissingDuplicateUnknownAndMisplacedAssignments]' started.
Test Case '-[LevelEditorFormatsTests.HeroExitConfigurationTests testRejectsMissingDuplicateUnknownAndMisplacedAssignments]' passed (0.001 seconds).
Test Case '-[LevelEditorFormatsTests.HeroExitConfigurationTests testRolesCanHaveIdenticalExplicitCoordinates]' started.
Test Case '-[LevelEditorFormatsTests.HeroExitConfigurationTests testRolesCanHaveIdenticalExplicitCoordinates]' passed (0.000 seconds).
Test Suite 'HeroExitConfigurationTests' passed at 2026-09-10 21:54:50.230.
	 Executed 6 tests, with 0 failures (0 unexpected) in 0.096 (0.097) seconds
Test Suite 'HeroMovementIntegrationTests' started at 2026-09-10 21:54:50.230.
Test Case '-[LevelEditorFormatsTests.HeroMovementIntegrationTests testAllAuthoredHeroStartsCanMoveAndRespawnInsideTheirLevelArea]' started.
Test Case '-[LevelEditorFormatsTests.HeroMovementIntegrationTests testAllAuthoredHeroStartsCanMoveAndRespawnInsideTheirLevelArea]' passed (2.754 seconds).
Test Case '-[LevelEditorFormatsTests.HeroMovementIntegrationTests testAllLegacyLevelRoadsPermitMovementAlongWaypointsAndAcrossTheirWidth]' started.
Test Case '-[LevelEditorFormatsTests.HeroMovementIntegrationTests testAllLegacyLevelRoadsPermitMovementAlongWaypointsAndAcrossTheirWidth]' passed (7.397 seconds).
Test Case '-[LevelEditorFormatsTests.HeroMovementIntegrationTests testCharlestonPolygonAllowsAreaDestinationsAndPreservesItsHoles]' started.
Test Case '-[LevelEditorFormatsTests.HeroMovementIntegrationTests testCharlestonPolygonAllowsAreaDestinationsAndPreservesItsHoles]' passed (4.458 seconds).
Test Case '-[LevelEditorFormatsTests.HeroMovementIntegrationTests testReexportedAreaImmediatelyChangesMovementWithoutDatabaseWaypoints]' started.
Test Case '-[LevelEditorFormatsTests.HeroMovementIntegrationTests testReexportedAreaImmediatelyChangesMovementWithoutDatabaseWaypoints]' passed (0.004 seconds).
Test Case '-[LevelEditorFormatsTests.HeroMovementIntegrationTests testRuntimeCanvasInputRoundTripAndResizeDoNotChangeMovement]' started.
Test Case '-[LevelEditorFormatsTests.HeroMovementIntegrationTests testRuntimeCanvasInputRoundTripAndResizeDoNotChangeMovement]' passed (1.038 seconds).
Test Suite 'HeroMovementIntegrationTests' passed at 2026-09-10 21:55:05.882.
	 Executed 5 tests, with 0 failures (0 unexpected) in 15.652 (15.653) seconds
Test Suite 'HeroMovementTests' started at 2026-09-10 21:55:05.883.
Test Case '-[LevelEditorFormatsTests.HeroMovementTests testAuthoredWidthAndPolygonOverrideDefaultWidth]' started.
Test Case '-[LevelEditorFormatsTests.HeroMovementTests testAuthoredWidthAndPolygonOverrideDefaultWidth]' passed (0.001 seconds).
Test Case '-[LevelEditorFormatsTests.HeroMovementTests testEnemyChaseReturnAndUnreachableEnemyUseSameArea]' started.
Test Case '-[LevelEditorFormatsTests.HeroMovementTests testEnemyChaseReturnAndUnreachableEnemyUseSameArea]' passed (0.000 seconds).
Test Case '-[LevelEditorFormatsTests.HeroMovementTests testMalformedAndMissingAreasFailInsteadOfUsingDatabaseRoads]' started.
Test Case '-[LevelEditorFormatsTests.HeroMovementTests testMalformedAndMissingAreasFailInsteadOfUsingDatabaseRoads]' passed (0.000 seconds).
Test Case '-[LevelEditorFormatsTests.HeroMovementTests testMovesToExactOffCenterAndSubTwoUnitDestinations]' started.
Test Case '-[LevelEditorFormatsTests.HeroMovementTests testMovesToExactOffCenterAndSubTwoUnitDestinations]' passed (0.001 seconds).
Test Case '-[LevelEditorFormatsTests.HeroMovementTests testNarrowBentPassageUsesBoundaryRouteInsteadOfBecomingUnreachable]' started.
Test Case '-[LevelEditorFormatsTests.HeroMovementTests testNarrowBentPassageUsesBoundaryRouteInsteadOfBecomingUnreachable]' passed (0.001 seconds).
Test Case '-[LevelEditorFormatsTests.HeroMovementTests testNewCommandMidStepAndRespawnUseActualPosition]' started.
Test Case '-[LevelEditorFormatsTests.HeroMovementTests testNewCommandMidStepAndRespawnUseActualPosition]' passed (0.002 seconds).
Test Case '-[LevelEditorFormatsTests.HeroMovementTests testRejectedCommandsKeepExistingOrderAndCombatState]' started.
Test Case '-[LevelEditorFormatsTests.HeroMovementTests testRejectedCommandsKeepExistingOrderAndCombatState]' passed (0.000 seconds).
Test Case '-[LevelEditorFormatsTests.HeroMovementTests testWalksAroundHoleAndDoesNotCrossThinExclusions]' started.
Test Case '-[LevelEditorFormatsTests.HeroMovementTests testWalksAroundHoleAndDoesNotCrossThinExclusions]' passed (0.004 seconds).
Test Suite 'HeroMovementTests' passed at 2026-09-10 21:55:05.892.
	 Executed 8 tests, with 0 failures (0 unexpected) in 0.009 (0.010) seconds
Test Suite 'HeroRankingTests' started at 2026-09-10 21:55:05.892.
Test Case '-[LevelEditorFormatsTests.HeroRankingTests testEveryChosenHeroHasDatabaseCombatStats]' started.
Test Case '-[LevelEditorFormatsTests.HeroRankingTests testEveryChosenHeroHasDatabaseCombatStats]' passed (0.068 seconds).
Test Case '-[LevelEditorFormatsTests.HeroRankingTests testFailedSecondInsertRollsBackTheEntireChoice]' started.
Test Case '-[LevelEditorFormatsTests.HeroRankingTests testFailedSecondInsertRollsBackTheEntireChoice]' passed (0.063 seconds).
Test Case '-[LevelEditorFormatsTests.HeroRankingTests testInvalidChoicesLeavePreviousSelectionIntact]' started.
Test Case '-[LevelEditorFormatsTests.HeroRankingTests testInvalidChoicesLeavePreviousSelectionIntact]' passed (0.063 seconds).
Test Case '-[LevelEditorFormatsTests.HeroRankingTests testOneOrTwoHeroesAlwaysHaveRankingDerivedRoles]' started.
Test Case '-[LevelEditorFormatsTests.HeroRankingTests testOneOrTwoHeroesAlwaysHaveRankingDerivedRoles]' passed (0.062 seconds).
Test Case '-[LevelEditorFormatsTests.HeroRankingTests testPreferencesRestoreOneHeroAndNormalizeOldOrder]' started.
Test Case '-[LevelEditorFormatsTests.HeroRankingTests testPreferencesRestoreOneHeroAndNormalizeOldOrder]' passed (0.068 seconds).
Test Case '-[LevelEditorFormatsTests.HeroRankingTests testProductionSeedsExposeRankingThroughDAO]' started.
Test Case '-[LevelEditorFormatsTests.HeroRankingTests testProductionSeedsExposeRankingThroughDAO]' passed (0.063 seconds).
Test Case '-[LevelEditorFormatsTests.HeroRankingTests testRankingEditsAndTiesDoNotDependOnSavedSlots]' started.
Test Case '-[LevelEditorFormatsTests.HeroRankingTests testRankingEditsAndTiesDoNotDependOnSavedSlots]' passed (0.066 seconds).
Test Case '-[LevelEditorFormatsTests.HeroRankingTests testRankingEnforcesWholeNumbersFromOneToOneHundred]' started.
Test Case '-[LevelEditorFormatsTests.HeroRankingTests testRankingEnforcesWholeNumbersFromOneToOneHundred]' passed (0.064 seconds).
Test Case '-[LevelEditorFormatsTests.HeroRankingTests testRemovingAndReplacingHeroesReassignsRoles]' started.
Test Case '-[LevelEditorFormatsTests.HeroRankingTests testRemovingAndReplacingHeroesReassignsRoles]' passed (0.062 seconds).
Test Suite 'HeroRankingTests' passed at 2026-09-10 21:55:06.473.
	 Executed 9 tests, with 0 failures (0 unexpected) in 0.580 (0.581) seconds
Test Suite 'HeroStartingPositionTests' started at 2026-09-10 21:55:06.473.
Test Case '-[LevelEditorFormatsTests.HeroStartingPositionTests testBothEnabledRolesRequireExplicitStartsAndDisabledRolesAreNotExported]' started.
Test Case '-[LevelEditorFormatsTests.HeroStartingPositionTests testBothEnabledRolesRequireExplicitStartsAndDisabledRolesAreNotExported]' passed (0.001 seconds).
Test Case '-[LevelEditorFormatsTests.HeroStartingPositionTests testLoaderRejectsMissingMultipleAndDuplicateRoles]' started.
Test Case '-[LevelEditorFormatsTests.HeroStartingPositionTests testLoaderRejectsMissingMultipleAndDuplicateRoles]' passed (0.000 seconds).
Test Case '-[LevelEditorFormatsTests.HeroStartingPositionTests testNativeAndGeoJSONPreserveIndependentStartsAndRepositioning]' started.
Test Case '-[LevelEditorFormatsTests.HeroStartingPositionTests testNativeAndGeoJSONPreserveIndependentStartsAndRepositioning]' passed (0.001 seconds).
Test Case '-[LevelEditorFormatsTests.HeroStartingPositionTests testPlacementMoveAndResetUndoRedo]' started.
Test Case '-[LevelEditorFormatsTests.HeroStartingPositionTests testPlacementMoveAndResetUndoRedo]' passed (0.000 seconds).
Test Suite 'HeroStartingPositionTests' passed at 2026-09-10 21:55:06.476.
	 Executed 4 tests, with 0 failures (0 unexpected) in 0.003 (0.003) seconds
Test Suite 'LevelGeoJSONTests' started at 2026-09-10 21:55:06.476.
Test Case '-[LevelEditorFormatsTests.LevelGeoJSONTests testDecodingCannotBypassValidation]' started.
Test Case '-[LevelEditorFormatsTests.LevelGeoJSONTests testDecodingCannotBypassValidation]' passed (0.001 seconds).
Test Case '-[LevelEditorFormatsTests.LevelGeoJSONTests testDisconnectedRoadsStayDisconnectedInOneFeature]' started.
Test Case '-[LevelEditorFormatsTests.LevelGeoJSONTests testDisconnectedRoadsStayDisconnectedInOneFeature]' passed (0.000 seconds).
Test Case '-[LevelEditorFormatsTests.LevelGeoJSONTests testDumpPropagatesWriteFailure]' started.
Test Case '-[LevelEditorFormatsTests.LevelGeoJSONTests testDumpPropagatesWriteFailure]' passed (0.001 seconds).
Test Case '-[LevelEditorFormatsTests.LevelGeoJSONTests testEnforcesFeatureGeometryAndPathReferences]' started.
Test Case '-[LevelEditorFormatsTests.LevelGeoJSONTests testEnforcesFeatureGeometryAndPathReferences]' passed (0.001 seconds).
Test Case '-[LevelEditorFormatsTests.LevelGeoJSONTests testEraserRemovesImportedPathArea]' started.
Test Case '-[LevelEditorFormatsTests.LevelGeoJSONTests testEraserRemovesImportedPathArea]' passed (0.001 seconds).
Test Case '-[LevelEditorFormatsTests.LevelGeoJSONTests testExporterDoesNotInventMarkersOrSilentlyDropBrokenRoads]' started.
Test Case '-[LevelEditorFormatsTests.LevelGeoJSONTests testExporterDoesNotInventMarkersOrSilentlyDropBrokenRoads]' passed (0.000 seconds).
Test Case '-[LevelEditorFormatsTests.LevelGeoJSONTests testExportsUnionOfRoadsAndPaintWithoutChangingDraft]' started.
Test Case '-[LevelEditorFormatsTests.LevelGeoJSONTests testExportsUnionOfRoadsAndPaintWithoutChangingDraft]' passed (0.001 seconds).
Test Case '-[LevelEditorFormatsTests.LevelGeoJSONTests testFlattenedImportCanBeSavedAndExportedAgain]' started.
Test Case '-[LevelEditorFormatsTests.LevelGeoJSONTests testFlattenedImportCanBeSavedAndExportedAgain]' passed (0.001 seconds).
Test Case '-[LevelEditorFormatsTests.LevelGeoJSONTests testFlatteningPreservesHolesAndNestedIslands]' started.
Test Case '-[LevelEditorFormatsTests.LevelGeoJSONTests testFlatteningPreservesHolesAndNestedIslands]' passed (0.000 seconds).
Test Case '-[LevelEditorFormatsTests.LevelGeoJSONTests testLegacyGeoJSONImportsSeparateRoads]' started.
Test Case '-[LevelEditorFormatsTests.LevelGeoJSONTests testLegacyGeoJSONImportsSeparateRoads]' passed (0.001 seconds).
Test Case '-[LevelEditorFormatsTests.LevelGeoJSONTests testMissingHeroAssignmentReportsReadableValidationError]' started.
Test Case '-[LevelEditorFormatsTests.LevelGeoJSONTests testMissingHeroAssignmentReportsReadableValidationError]' passed (0.000 seconds).
Test Case '-[LevelEditorFormatsTests.LevelGeoJSONTests testNativeFormatPreservesEditableDataImagesAndCanvas]' started.
Test Case '-[LevelEditorFormatsTests.LevelGeoJSONTests testNativeFormatPreservesEditableDataImagesAndCanvas]' passed (0.000 seconds).
Test Case '-[LevelEditorFormatsTests.LevelGeoJSONTests testNativeRejectsFutureVersionsAndLegacyDraftStillDecodes]' started.
Test Case '-[LevelEditorFormatsTests.LevelGeoJSONTests testNativeRejectsFutureVersionsAndLegacyDraftStillDecodes]' passed (0.000 seconds).
Test Case '-[LevelEditorFormatsTests.LevelGeoJSONTests testNativeSnapshotEmbedsLegacyImagesAndRejectsMissingFiles]' started.
Test Case '-[LevelEditorFormatsTests.LevelGeoJSONTests testNativeSnapshotEmbedsLegacyImagesAndRejectsMissingFiles]' passed (0.001 seconds).
Test Case '-[LevelEditorFormatsTests.LevelGeoJSONTests testRejectsDuplicateOrMismatchedIDs]' started.
Test Case '-[LevelEditorFormatsTests.LevelGeoJSONTests testRejectsDuplicateOrMismatchedIDs]' passed (0.000 seconds).
Test Case '-[LevelEditorFormatsTests.LevelGeoJSONTests testRejectsEmptyOpenAndDegenerateRings]' started.
Test Case '-[LevelEditorFormatsTests.LevelGeoJSONTests testRejectsEmptyOpenAndDegenerateRings]' passed (0.001 seconds).
Test Case '-[LevelEditorFormatsTests.LevelGeoJSONTests testRejectsNonfiniteAndMalformedCoordinates]' started.
Test Case '-[LevelEditorFormatsTests.LevelGeoJSONTests testRejectsNonfiniteAndMalformedCoordinates]' passed (0.001 seconds).
Test Case '-[LevelEditorFormatsTests.LevelGeoJSONTests testRejectsUnsupportedTypesAndVersions]' started.
Test Case '-[LevelEditorFormatsTests.LevelGeoJSONTests testRejectsUnsupportedTypesAndVersions]' passed (0.001 seconds).
Test Case '-[LevelEditorFormatsTests.LevelGeoJSONTests testRequiresEntranceAndExit]' started.
Test Case '-[LevelEditorFormatsTests.LevelGeoJSONTests testRequiresEntranceAndExit]' passed (0.000 seconds).
Test Case '-[LevelEditorFormatsTests.LevelGeoJSONTests testRequiresExactlyOnePath]' started.
Test Case '-[LevelEditorFormatsTests.LevelGeoJSONTests testRequiresExactlyOnePath]' passed (0.000 seconds).
Test Case '-[LevelEditorFormatsTests.LevelGeoJSONTests testSinglePaintDabIsExported]' started.
Test Case '-[LevelEditorFormatsTests.LevelGeoJSONTests testSinglePaintDabIsExported]' passed (0.000 seconds).
Test Case '-[LevelEditorFormatsTests.LevelGeoJSONTests testValidatesCanvasAndLevelSettings]' started.
Test Case '-[LevelEditorFormatsTests.LevelGeoJSONTests testValidatesCanvasAndLevelSettings]' passed (0.001 seconds).
Test Case '-[LevelEditorFormatsTests.LevelGeoJSONTests testValidatesSlotNumbering]' started.
Test Case '-[LevelEditorFormatsTests.LevelGeoJSONTests testValidatesSlotNumbering]' passed (0.001 seconds).
Test Case '-[LevelEditorFormatsTests.LevelGeoJSONTests testValidatesWaves]' started.
Test Case '-[LevelEditorFormatsTests.LevelGeoJSONTests testValidatesWaves]' passed (0.001 seconds).
Test Case '-[LevelEditorFormatsTests.LevelGeoJSONTests testValidModelRoundTripsAndDumpsAFile]' started.
Test Case '-[LevelEditorFormatsTests.LevelGeoJSONTests testValidModelRoundTripsAndDumpsAFile]' passed (0.002 seconds).
Test Suite 'LevelGeoJSONTests' passed at 2026-09-10 21:55:06.495.
	 Executed 25 tests, with 0 failures (0 unexpected) in 0.017 (0.019) seconds
Test Suite 'LevelMarkerPlacementTests' started at 2026-09-10 21:55:06.495.
Test Case '-[LevelEditorFormatsTests.LevelMarkerPlacementTests testBothMarkersUseTheSameExactProjectionAsPathPixels]' started.
Test Case '-[LevelEditorFormatsTests.LevelMarkerPlacementTests testBothMarkersUseTheSameExactProjectionAsPathPixels]' passed (0.000 seconds).
Test Case '-[LevelEditorFormatsTests.LevelMarkerPlacementTests testCroppedCrownKeepsItsApprovedSizeWithoutMovingTheCenter]' started.
Test Case '-[LevelEditorFormatsTests.LevelMarkerPlacementTests testCroppedCrownKeepsItsApprovedSizeWithoutMovingTheCenter]' passed (0.000 seconds).
Test Suite 'LevelMarkerPlacementTests' passed at 2026-09-10 21:55:06.496.
	 Executed 2 tests, with 0 failures (0 unexpected) in 0.000 (0.001) seconds
Test Suite 'LevelViewportTests' started at 2026-09-10 21:55:06.496.
Test Case '-[LevelEditorFormatsTests.LevelViewportTests testPresentationsAndOversizedHudCannotResizeViewport]' started.
Test Case '-[LevelEditorFormatsTests.LevelViewportTests testPresentationsAndOversizedHudCannotResizeViewport]' passed (0.005 seconds).
Test Case '-[LevelEditorFormatsTests.LevelViewportTests testWaveControlsCannotMoveMapWhenTheyAppearOrDisappear]' started.
Test Case '-[LevelEditorFormatsTests.LevelViewportTests testWaveControlsCannotMoveMapWhenTheyAppearOrDisappear]' passed (1.241 seconds).
Test Suite 'LevelViewportTests' passed at 2026-09-10 21:55:07.743.
	 Executed 2 tests, with 0 failures (0 unexpected) in 1.247 (1.247) seconds
Test Suite 'MasterControlsLayoutTests' started at 2026-09-10 21:55:07.743.
Test Case '-[LevelEditorFormatsTests.MasterControlsLayoutTests testNarrowLayoutFitsWidthIncludingGapAndHudMargin]' started.
Test Case '-[LevelEditorFormatsTests.MasterControlsLayoutTests testNarrowLayoutFitsWidthIncludingGapAndHudMargin]' passed (0.000 seconds).
Test Case '-[LevelEditorFormatsTests.MasterControlsLayoutTests testNoAvailableSpaceProducesZeroSizedRow]' started.
Test Case '-[LevelEditorFormatsTests.MasterControlsLayoutTests testNoAvailableSpaceProducesZeroSizedRow]' passed (0.000 seconds).
Test Case '-[LevelEditorFormatsTests.MasterControlsLayoutTests testPhoneUsesRightGutterAndReachesOcclusionBottom]' started.
Test Case '-[LevelEditorFormatsTests.MasterControlsLayoutTests testPhoneUsesRightGutterAndReachesOcclusionBottom]' passed (0.000 seconds).
Test Case '-[LevelEditorFormatsTests.MasterControlsLayoutTests testRowStaysInsideHudAndOnlyOverlapsOccludedMap]' started.
Test Case '-[LevelEditorFormatsTests.MasterControlsLayoutTests testRowStaysInsideHudAndOnlyOverlapsOccludedMap]' passed (0.000 seconds).
Test Case '-[LevelEditorFormatsTests.MasterControlsLayoutTests testSpaceAboveMapCanIncreaseHeightBeyondOcclusion]' started.
Test Case '-[LevelEditorFormatsTests.MasterControlsLayoutTests testSpaceAboveMapCanIncreaseHeightBeyondOcclusion]' passed (0.000 seconds).
Test Suite 'MasterControlsLayoutTests' passed at 2026-09-10 21:55:07.744.
	 Executed 5 tests, with 0 failures (0 unexpected) in 0.001 (0.002) seconds
Test Suite 'PresentationStackTests' started at 2026-09-10 21:55:07.744.
Test Case '-[LevelEditorFormatsTests.PresentationStackTests testClosingAndReopeningCreatesFreshLayerAndViewIdentity]' started.
Test Case '-[LevelEditorFormatsTests.PresentationStackTests testClosingAndReopeningCreatesFreshLayerAndViewIdentity]' passed (0.000 seconds).
Test Case '-[LevelEditorFormatsTests.PresentationStackTests testDismissingTopPresentationRevealsExistingLayer]' started.
Test Case '-[LevelEditorFormatsTests.PresentationStackTests testDismissingTopPresentationRevealsExistingLayer]' passed (0.000 seconds).
Test Case '-[LevelEditorFormatsTests.PresentationStackTests testLeavingLevelRemovesEveryPresentation]' started.
Test Case '-[LevelEditorFormatsTests.PresentationStackTests testLeavingLevelRemovesEveryPresentation]' passed (0.000 seconds).
Test Case '-[LevelEditorFormatsTests.PresentationStackTests testNewPresentationIsAboveExistingLayersRegardlessOfCategoryOrder]' started.
Test Case '-[LevelEditorFormatsTests.PresentationStackTests testNewPresentationIsAboveExistingLayersRegardlessOfCategoryOrder]' passed (0.000 seconds).
Test Case '-[LevelEditorFormatsTests.PresentationStackTests testRefreshingActiveContentDoesNotRecreateOrRaiseExistingLayers]' started.
Test Case '-[LevelEditorFormatsTests.PresentationStackTests testRefreshingActiveContentDoesNotRecreateOrRaiseExistingLayers]' passed (0.000 seconds).
Test Case '-[LevelEditorFormatsTests.PresentationStackTests testReplacingMenuWithPlacementRemovesOldLayer]' started.
Test Case '-[LevelEditorFormatsTests.PresentationStackTests testReplacingMenuWithPlacementRemovesOldLayer]' passed (0.000 seconds).
Test Suite 'PresentationStackTests' passed at 2026-09-10 21:55:07.745.
	 Executed 6 tests, with 0 failures (0 unexpected) in 0.001 (0.001) seconds
Test Suite 'ReinforcementTests' started at 2026-09-10 21:55:07.745.
Test Case '-[LevelEditorFormatsTests.ReinforcementTests testBothTimersFollowGameTicksAcrossPauseAndSpeedChanges]' started.
Test Case '-[LevelEditorFormatsTests.ReinforcementTests testBothTimersFollowGameTicksAcrossPauseAndSpeedChanges]' passed (0.000 seconds).
Test Case '-[LevelEditorFormatsTests.ReinforcementTests testExpirationDoesNotEndLongerCooldown]' started.
Test Case '-[LevelEditorFormatsTests.ReinforcementTests testExpirationDoesNotEndLongerCooldown]' passed (0.000 seconds).
Test Case '-[LevelEditorFormatsTests.ReinforcementTests testFractionalTimesRoundUpToAvoidEarlyExpiryOrReadiness]' started.
Test Case '-[LevelEditorFormatsTests.ReinforcementTests testFractionalTimesRoundUpToAvoidEarlyExpiryOrReadiness]' passed (0.000 seconds).
Test Case '-[LevelEditorFormatsTests.ReinforcementTests testInvalidConfigurationIsRejected]' started.
Test Case '-[LevelEditorFormatsTests.ReinforcementTests testInvalidConfigurationIsRejected]' passed (0.000 seconds).
Test Case '-[LevelEditorFormatsTests.ReinforcementTests testOverlappingGroupsExpireIndependentlyAndOnlyOnce]' started.
Test Case '-[LevelEditorFormatsTests.ReinforcementTests testOverlappingGroupsExpireIndependentlyAndOnlyOnce]' passed (0.000 seconds).
Test Case '-[LevelEditorFormatsTests.ReinforcementTests testProductionSchemaSeedAndDAOUseIndependentDatabaseValues]' started.
Test Case '-[LevelEditorFormatsTests.ReinforcementTests testProductionSchemaSeedAndDAOUseIndependentDatabaseValues]' passed (0.002 seconds).
Test Case '-[LevelEditorFormatsTests.ReinforcementTests testRepeatedCallsAreBlockedUntilExactCooldownBoundary]' started.
Test Case '-[LevelEditorFormatsTests.ReinforcementTests testRepeatedCallsAreBlockedUntilExactCooldownBoundary]' passed (0.000 seconds).
Test Suite 'ReinforcementTests' passed at 2026-09-10 21:55:07.748.
	 Executed 7 tests, with 0 failures (0 unexpected) in 0.002 (0.003) seconds
Test Suite 'RuntimeCanvasTests' started at 2026-09-10 21:55:07.748.
Test Case '-[LevelEditorFormatsTests.RuntimeCanvasTests testAllGeometryFitsTheLiveSafeArea]' started.
Test Case '-[LevelEditorFormatsTests.RuntimeCanvasTests testAllGeometryFitsTheLiveSafeArea]' passed (0.001 seconds).
Test Case '-[LevelEditorFormatsTests.RuntimeCanvasTests testMenuContentCannotResizeTheRuntimeCanvas]' started.
Test Case '-[LevelEditorFormatsTests.RuntimeCanvasTests testMenuContentCannotResizeTheRuntimeCanvas]' passed (0.001 seconds).
Test Suite 'RuntimeCanvasTests' passed at 2026-09-10 21:55:07.750.
	 Executed 2 tests, with 0 failures (0 unexpected) in 0.002 (0.002) seconds
Test Suite 'TapAreaTests' started at 2026-09-10 21:55:07.750.
Test Case '-[LevelEditorFormatsTests.TapAreaTests testEmptyTopCornersExposeTheWholeTopEdgeAndOverlappingCornersExposeNone]' started.
Test Case '-[LevelEditorFormatsTests.TapAreaTests testEmptyTopCornersExposeTheWholeTopEdgeAndOverlappingCornersExposeNone]' passed (0.000 seconds).
Test Case '-[LevelEditorFormatsTests.TapAreaTests testRuntimeInsetUsesPlayHeightAndFollowsSafeAreaAndCoordinateOrigin]' started.
Test Case '-[LevelEditorFormatsTests.TapAreaTests testRuntimeInsetUsesPlayHeightAndFollowsSafeAreaAndCoordinateOrigin]' passed (0.003 seconds).
Test Case '-[LevelEditorFormatsTests.TapAreaTests testShallowCornerEdgesAreNotMovedDownWithTheExposedTopSegment]' started.
Test Case '-[LevelEditorFormatsTests.TapAreaTests testShallowCornerEdgesAreNotMovedDownWithTheExposedTopSegment]' passed (0.000 seconds).
Test Case '-[LevelEditorFormatsTests.TapAreaTests testTapAreaRemovesExactlyTheExposedTopStrip]' started.
Test Case '-[LevelEditorFormatsTests.TapAreaTests testTapAreaRemovesExactlyTheExposedTopStrip]' passed (0.000 seconds).
Test Suite 'TapAreaTests' passed at 2026-09-10 21:55:07.754.
	 Executed 4 tests, with 0 failures (0 unexpected) in 0.004 (0.004) seconds
Test Suite 'TowerSlotLoadingTests' started at 2026-09-10 21:55:07.754.
Test Case '-[LevelEditorFormatsTests.TowerSlotLoadingTests testAuthoredOrderCoordinatesAndStableIdentities]' started.
Test Case '-[LevelEditorFormatsTests.TowerSlotLoadingTests testAuthoredOrderCoordinatesAndStableIdentities]' passed (0.000 seconds).
Test Case '-[LevelEditorFormatsTests.TowerSlotLoadingTests testEveryBundledMapMatchesEditorSlots]' started.
Test Case '-[LevelEditorFormatsTests.TowerSlotLoadingTests testEveryBundledMapMatchesEditorSlots]' passed (0.076 seconds).
Test Case '-[LevelEditorFormatsTests.TowerSlotLoadingTests testLegacyNumberOnlySlotsAndExplicitlyEmptyMap]' started.
Test Case '-[LevelEditorFormatsTests.TowerSlotLoadingTests testLegacyNumberOnlySlotsAndExplicitlyEmptyMap]' passed (0.000 seconds).
Test Case '-[LevelEditorFormatsTests.TowerSlotLoadingTests testRejectsMalformedCoordinatesAndNumbering]' started.
Test Case '-[LevelEditorFormatsTests.TowerSlotLoadingTests testRejectsMalformedCoordinatesAndNumbering]' passed (0.000 seconds).
Test Case '-[LevelEditorFormatsTests.TowerSlotLoadingTests testSharedLoaderWorksWithoutSQLSlotsAndImmediatelyUsesReexports]' started.
Test Case '-[LevelEditorFormatsTests.TowerSlotLoadingTests testSharedLoaderWorksWithoutSQLSlotsAndImmediatelyUsesReexports]' passed (0.136 seconds).
Test Suite 'TowerSlotLoadingTests' passed at 2026-09-10 21:55:07.967.
	 Executed 5 tests, with 0 failures (0 unexpected) in 0.212 (0.213) seconds
Test Suite 'WaveStartTimingTests' started at 2026-09-10 21:55:07.967.
Test Case '-[LevelEditorFormatsTests.WaveStartTimingTests testBonusIsFixedUntilDeadlineAndCanBeConfiguredToZero]' started.
Test Case '-[LevelEditorFormatsTests.WaveStartTimingTests testBonusIsFixedUntilDeadlineAndCanBeConfiguredToZero]' passed (0.000 seconds).
Test Case '-[LevelEditorFormatsTests.WaveStartTimingTests testConfiguredRevealAndAutomaticStartDeadlines]' started.
Test Case '-[LevelEditorFormatsTests.WaveStartTimingTests testConfiguredRevealAndAutomaticStartDeadlines]' passed (0.000 seconds).
Test Case '-[LevelEditorFormatsTests.WaveStartTimingTests testDAOLoadsExplicitTimingAndPreservesSpawnGroups]' started.
Test Case '-[LevelEditorFormatsTests.WaveStartTimingTests testDAOLoadsExplicitTimingAndPreservesSpawnGroups]' passed (0.001 seconds).
Test Case '-[LevelEditorFormatsTests.WaveStartTimingTests testEarlyCallReanchorsFollowingWaveAndRejectsRepeatedTap]' started.
Test Case '-[LevelEditorFormatsTests.WaveStartTimingTests testEarlyCallReanchorsFollowingWaveAndRejectsRepeatedTap]' passed (0.000 seconds).
Test Case '-[LevelEditorFormatsTests.WaveStartTimingTests testFirstWaveWaitsIndefinitelyAndSingleWaveFinishesSchedule]' started.
Test Case '-[LevelEditorFormatsTests.WaveStartTimingTests testFirstWaveWaitsIndefinitelyAndSingleWaveFinishesSchedule]' passed (0.000 seconds).
Test Case '-[LevelEditorFormatsTests.WaveStartTimingTests testFractionalTimingNeverStartsBeforeConfiguredDuration]' started.
Test Case '-[LevelEditorFormatsTests.WaveStartTimingTests testFractionalTimingNeverStartsBeforeConfiguredDuration]' passed (0.000 seconds).
Test Case '-[LevelEditorFormatsTests.WaveStartTimingTests testInteractiveScheduleRequiresValidBonusData]' started.
Test Case '-[LevelEditorFormatsTests.WaveStartTimingTests testInteractiveScheduleRequiresValidBonusData]' passed (0.000 seconds).
Test Case '-[LevelEditorFormatsTests.WaveStartTimingTests testManualEarlyCallAwardsItsDatabaseBonusExactlyOnce]' started.
Test Case '-[LevelEditorFormatsTests.WaveStartTimingTests testManualEarlyCallAwardsItsDatabaseBonusExactlyOnce]' passed (0.000 seconds).
Test Case '-[LevelEditorFormatsTests.WaveStartTimingTests testPausedClockDoesNotConsumeCountdown]' started.
Test Case '-[LevelEditorFormatsTests.WaveStartTimingTests testPausedClockDoesNotConsumeCountdown]' passed (0.000 seconds).
Test Case '-[LevelEditorFormatsTests.WaveStartTimingTests testRevealCountdownAndAutomaticDeadlineUseActualPreviousStart]' started.
Test Case '-[LevelEditorFormatsTests.WaveStartTimingTests testRevealCountdownAndAutomaticDeadlineUseActualPreviousStart]' passed (0.000 seconds).
Test Case '-[LevelEditorFormatsTests.WaveStartTimingTests testScheduleRejectsMissingAndInvalidTimingInsteadOfUsingDefaults]' started.
Test Case '-[LevelEditorFormatsTests.WaveStartTimingTests testScheduleRejectsMissingAndInvalidTimingInsteadOfUsingDefaults]' passed (0.000 seconds).
Test Case '-[LevelEditorFormatsTests.WaveStartTimingTests testWaveDocumentCompatibilityAndTimingRoundTrip]' started.
Test Case '-[LevelEditorFormatsTests.WaveStartTimingTests testWaveDocumentCompatibilityAndTimingRoundTrip]' passed (0.000 seconds).
Test Case '-[LevelEditorFormatsTests.WaveStartTimingTests testZeroDelayZeroCountdownAndEmptySchedules]' started.
Test Case '-[LevelEditorFormatsTests.WaveStartTimingTests testZeroDelayZeroCountdownAndEmptySchedules]' passed (0.000 seconds).
Test Suite 'WaveStartTimingTests' passed at 2026-09-10 21:55:07.970.
	 Executed 13 tests, with 0 failures (0 unexpected) in 0.002 (0.003) seconds
Test Suite 'LevelEditorFormatsPackageTests.xctest' failed at 2026-09-10 21:55:07.970.
	 Executed 179 tests, with 46 failures (0 unexpected) in 18.567 (18.581) seconds
Test Suite 'All tests' failed at 2026-09-10 21:55:07.970.
	 Executed 179 tests, with 46 failures (0 unexpected) in 18.567 (18.582) seconds
◇ Test run started.
↳ Testing Library Version: 1902
↳ Target Platform: arm64e-apple-macos14.0
✔ Test run with 0 tests in 0 suites passed after 0.001 seconds.
