01:15:05  Acquired tunnel connection to device.
01:15:05  Enabling developer disk image services.
01:15:05  Acquired usage assertion.
App installed:
• bundleID: com.zippyzen.knox-background-probe
• installationURL: file:///private/var/containers/Bundle/Application/5790FEC1-2E25-4643-B796-924FFC96838E/Liberty%20Line.app/
• launchServicesIdentifier: unknown
• databaseUUID: CE2E26A6-BAAA-4347-8415-22A50C08CB00
• databaseSequenceNumber: 5248
• options: 
01:15:30  Acquired tunnel connection to device.
01:15:30  Enabling developer disk image services.
01:15:30  Acquired usage assertion.
Launched application with com.zippyzen.knox-background-probe bundle identifier.
01:15:37  Acquired tunnel connection to device.
01:15:37  Enabling developer disk image services.
01:15:37  Acquired usage assertion.
File received from Device
/Users/john/projects/td/in-defense-of-history/Tools/reports/knox-background-2026-09-10/device-documents
PASS: production reinforcement button and live HUD captured at minimum and device sizes.
