01:03:02  Acquired tunnel connection to device.
01:03:02  Enabling developer disk image services.
01:03:02  Acquired usage assertion.
App installed:
• bundleID: com.zippyzen.knox-headroom-probe
• installationURL: file:///private/var/containers/Bundle/Application/A66C2E3C-0AA5-4228-A4C1-8CCDAAFF18F3/Liberty%20Line.app/
• launchServicesIdentifier: unknown
• databaseUUID: CE2E26A6-BAAA-4347-8415-22A50C08CB00
• databaseSequenceNumber: 5200
• options: 
01:03:15  Acquired tunnel connection to device.
01:03:15  Enabling developer disk image services.
01:03:15  Acquired usage assertion.
Launched application with com.zippyzen.knox-headroom-probe bundle identifier.
01:03:23  Acquired tunnel connection to device.
01:03:23  Enabling developer disk image services.
01:03:23  Acquired usage assertion.
File received from Device
/Users/john/projects/td/in-defense-of-history/Tools/reports/knox-headroom-2026-09-10/device-documents
PASS: production reinforcement button and live HUD captured at minimum and device sizes.
